ARM Linker, 4.1 [Build 481] [Standard]

==============================================================================

Section Cross References

    main.o(i.fputc) refers to stm32f10x_usart.o(i.USART_SendData) for USART_SendData
    main.o(i.fputc) refers to stm32f10x_usart.o(i.USART_GetFlagStatus) for USART_GetFlagStatus
    main.o(i.main) refers to system_stm32f10x.o(i.SystemInit) for SystemInit
    main.o(i.main) refers to bsp.o(i.bsp_Init) for bsp_Init
    main.o(i.main) refers to modbus_slave.o(i.MODS_Poll) for MODS_Poll
    modbus_slave.o(i.MODS_AnalyzeApp) refers to stm32f10x_gpio.o(i.GPIO_ResetBits) for GPIO_ResetBits
    modbus_slave.o(i.MODS_AnalyzeApp) refers to bsp_timer.o(i.TIMER_Configuration) for TIMER_Configuration
    modbus_slave.o(i.MODS_AnalyzeApp) refers to stm32f10x_tim.o(i.TIM_Cmd) for TIM_Cmd
    modbus_slave.o(i.MODS_AnalyzeApp) refers to bsp_timer.o(i.Delay) for Delay
    modbus_slave.o(i.MODS_AnalyzeApp) refers to stm32f10x_gpio.o(i.GPIO_SetBits) for GPIO_SetBits
    modbus_slave.o(i.MODS_AnalyzeApp) refers to modbus_slave.o(i.MODS_SendWithCRC) for MODS_SendWithCRC
    modbus_slave.o(i.MODS_AnalyzeApp) refers to modbus_slave.o(.data) for .data
    modbus_slave.o(i.MODS_AnalyzeApp) refers to modbus_slave.o(.bss) for .bss
    modbus_slave.o(i.MODS_AnalyzeApp_F2) refers to stm32f10x_gpio.o(i.GPIO_ReadInputDataBit) for GPIO_ReadInputDataBit
    modbus_slave.o(i.MODS_AnalyzeApp_F2) refers to modbus_slave.o(i.MODS_SendWithCRC) for MODS_SendWithCRC
    modbus_slave.o(i.MODS_AnalyzeApp_F2) refers to modbus_slave.o(.bss) for .bss
    modbus_slave.o(i.MODS_Poll) refers to modbus_slave.o(i.MODS_SendWithCRC) for MODS_SendWithCRC
    modbus_slave.o(i.MODS_Poll) refers to bsp_user_lib.o(i.sum_check) for sum_check
    modbus_slave.o(i.MODS_Poll) refers to modbus_slave.o(i.MODS_AnalyzeApp) for MODS_AnalyzeApp
    modbus_slave.o(i.MODS_Poll) refers to modbus_slave.o(i.MODS_AnalyzeApp_F2) for MODS_AnalyzeApp_F2
    modbus_slave.o(i.MODS_Poll) refers to modbus_slave.o(.data) for .data
    modbus_slave.o(i.MODS_Poll) refers to modbus_slave.o(.bss) for .bss
    modbus_slave.o(i.MODS_ReciveNew) refers to bsp_timer.o(i.bsp_StartHardTimer) for bsp_StartHardTimer
    modbus_slave.o(i.MODS_ReciveNew) refers to modbus_slave.o(.data) for .data
    modbus_slave.o(i.MODS_ReciveNew) refers to modbus_slave.o(i.MODS_RxTimeOut) for MODS_RxTimeOut
    modbus_slave.o(i.MODS_ReciveNew) refers to modbus_slave.o(.bss) for .bss
    modbus_slave.o(i.MODS_RxTimeOut) refers to modbus_slave.o(.data) for .data
    modbus_slave.o(i.MODS_SendWithCRC) refers to memcpya.o(.text) for __aeabi_memcpy
    modbus_slave.o(i.MODS_SendWithCRC) refers to bsp_user_lib.o(i.sum_check) for sum_check
    modbus_slave.o(i.MODS_SendWithCRC) refers to bsp_uart_fifo.o(i.RS485_SendBuf) for RS485_SendBuf
    stm32f10x_flash.o(i.FLASH_EnableWriteProtection) refers to stm32f10x_flash.o(i.FLASH_WaitForLastOperation) for FLASH_WaitForLastOperation
    stm32f10x_flash.o(i.FLASH_EraseAllBank1Pages) refers to stm32f10x_flash.o(i.FLASH_WaitForLastBank1Operation) for FLASH_WaitForLastBank1Operation
    stm32f10x_flash.o(i.FLASH_EraseAllPages) refers to stm32f10x_flash.o(i.FLASH_WaitForLastOperation) for FLASH_WaitForLastOperation
    stm32f10x_flash.o(i.FLASH_EraseOptionBytes) refers to stm32f10x_flash.o(i.FLASH_GetReadOutProtectionStatus) for FLASH_GetReadOutProtectionStatus
    stm32f10x_flash.o(i.FLASH_EraseOptionBytes) refers to stm32f10x_flash.o(i.FLASH_WaitForLastOperation) for FLASH_WaitForLastOperation
    stm32f10x_flash.o(i.FLASH_ErasePage) refers to stm32f10x_flash.o(i.FLASH_WaitForLastOperation) for FLASH_WaitForLastOperation
    stm32f10x_flash.o(i.FLASH_ProgramHalfWord) refers to stm32f10x_flash.o(i.FLASH_WaitForLastOperation) for FLASH_WaitForLastOperation
    stm32f10x_flash.o(i.FLASH_ProgramOptionByteData) refers to stm32f10x_flash.o(i.FLASH_WaitForLastOperation) for FLASH_WaitForLastOperation
    stm32f10x_flash.o(i.FLASH_ProgramWord) refers to stm32f10x_flash.o(i.FLASH_WaitForLastOperation) for FLASH_WaitForLastOperation
    stm32f10x_flash.o(i.FLASH_ReadOutProtection) refers to stm32f10x_flash.o(i.FLASH_WaitForLastOperation) for FLASH_WaitForLastOperation
    stm32f10x_flash.o(i.FLASH_UserOptionByteConfig) refers to stm32f10x_flash.o(i.FLASH_WaitForLastOperation) for FLASH_WaitForLastOperation
    stm32f10x_flash.o(i.FLASH_WaitForLastBank1Operation) refers to stm32f10x_flash.o(i.FLASH_GetBank1Status) for FLASH_GetBank1Status
    stm32f10x_flash.o(i.FLASH_WaitForLastOperation) refers to stm32f10x_flash.o(i.FLASH_GetBank1Status) for FLASH_GetBank1Status
    stm32f10x_gpio.o(i.GPIO_AFIODeInit) refers to stm32f10x_rcc.o(i.RCC_APB2PeriphResetCmd) for RCC_APB2PeriphResetCmd
    stm32f10x_gpio.o(i.GPIO_DeInit) refers to stm32f10x_rcc.o(i.RCC_APB2PeriphResetCmd) for RCC_APB2PeriphResetCmd
    stm32f10x_rcc.o(i.RCC_GetClocksFreq) refers to stm32f10x_rcc.o(.data) for .data
    stm32f10x_rcc.o(i.RCC_WaitForHSEStartUp) refers to stm32f10x_rcc.o(i.RCC_GetFlagStatus) for RCC_GetFlagStatus
    stm32f10x_usart.o(i.USART_DeInit) refers to stm32f10x_rcc.o(i.RCC_APB2PeriphResetCmd) for RCC_APB2PeriphResetCmd
    stm32f10x_usart.o(i.USART_DeInit) refers to stm32f10x_rcc.o(i.RCC_APB1PeriphResetCmd) for RCC_APB1PeriphResetCmd
    stm32f10x_usart.o(i.USART_Init) refers to stm32f10x_rcc.o(i.RCC_GetClocksFreq) for RCC_GetClocksFreq
    stm32f10x_tim.o(i.TIM_DeInit) refers to stm32f10x_rcc.o(i.RCC_APB1PeriphResetCmd) for RCC_APB1PeriphResetCmd
    stm32f10x_tim.o(i.TIM_DeInit) refers to stm32f10x_rcc.o(i.RCC_APB2PeriphResetCmd) for RCC_APB2PeriphResetCmd
    stm32f10x_tim.o(i.TIM_ETRClockMode1Config) refers to stm32f10x_tim.o(i.TIM_ETRConfig) for TIM_ETRConfig
    stm32f10x_tim.o(i.TIM_ETRClockMode2Config) refers to stm32f10x_tim.o(i.TIM_ETRConfig) for TIM_ETRConfig
    stm32f10x_tim.o(i.TIM_ICInit) refers to stm32f10x_tim.o(i.TI1_Config) for TI1_Config
    stm32f10x_tim.o(i.TIM_ICInit) refers to stm32f10x_tim.o(i.TIM_SetIC1Prescaler) for TIM_SetIC1Prescaler
    stm32f10x_tim.o(i.TIM_ICInit) refers to stm32f10x_tim.o(i.TI2_Config) for TI2_Config
    stm32f10x_tim.o(i.TIM_ICInit) refers to stm32f10x_tim.o(i.TIM_SetIC2Prescaler) for TIM_SetIC2Prescaler
    stm32f10x_tim.o(i.TIM_ICInit) refers to stm32f10x_tim.o(i.TIM_SetIC3Prescaler) for TIM_SetIC3Prescaler
    stm32f10x_tim.o(i.TIM_ICInit) refers to stm32f10x_tim.o(i.TIM_SetIC4Prescaler) for TIM_SetIC4Prescaler
    stm32f10x_tim.o(i.TIM_PWMIConfig) refers to stm32f10x_tim.o(i.TI2_Config) for TI2_Config
    stm32f10x_tim.o(i.TIM_PWMIConfig) refers to stm32f10x_tim.o(i.TIM_SetIC2Prescaler) for TIM_SetIC2Prescaler
    stm32f10x_tim.o(i.TIM_PWMIConfig) refers to stm32f10x_tim.o(i.TI1_Config) for TI1_Config
    stm32f10x_tim.o(i.TIM_PWMIConfig) refers to stm32f10x_tim.o(i.TIM_SetIC1Prescaler) for TIM_SetIC1Prescaler
    stm32f10x_tim.o(i.TIM_TIxExternalClockConfig) refers to stm32f10x_tim.o(i.TI1_Config) for TI1_Config
    stm32f10x_tim.o(i.TIM_TIxExternalClockConfig) refers to stm32f10x_tim.o(i.TI2_Config) for TI2_Config
    system_stm32f10x.o(i.SystemCoreClockUpdate) refers to system_stm32f10x.o(.data) for .data
    system_stm32f10x.o(i.SystemInit) refers to system_stm32f10x.o(i.SetSysClockTo72) for SetSysClockTo72
    startup_stm32f10x_cl.o(RESET) refers to startup_stm32f10x_cl.o(STACK) for __initial_sp
    startup_stm32f10x_cl.o(RESET) refers to startup_stm32f10x_cl.o(.text) for Reset_Handler
    startup_stm32f10x_cl.o(RESET) refers to stm32f10x_it.o(i.NMI_Handler) for NMI_Handler
    startup_stm32f10x_cl.o(RESET) refers to stm32f10x_it.o(i.HardFault_Handler) for HardFault_Handler
    startup_stm32f10x_cl.o(RESET) refers to stm32f10x_it.o(i.MemManage_Handler) for MemManage_Handler
    startup_stm32f10x_cl.o(RESET) refers to stm32f10x_it.o(i.BusFault_Handler) for BusFault_Handler
    startup_stm32f10x_cl.o(RESET) refers to stm32f10x_it.o(i.UsageFault_Handler) for UsageFault_Handler
    startup_stm32f10x_cl.o(RESET) refers to stm32f10x_it.o(i.SVC_Handler) for SVC_Handler
    startup_stm32f10x_cl.o(RESET) refers to stm32f10x_it.o(i.DebugMon_Handler) for DebugMon_Handler
    startup_stm32f10x_cl.o(RESET) refers to stm32f10x_it.o(i.PendSV_Handler) for PendSV_Handler
    startup_stm32f10x_cl.o(RESET) refers to stm32f10x_it.o(i.SysTick_Handler) for SysTick_Handler
    startup_stm32f10x_cl.o(RESET) refers to bsp_timer.o(i.TIM2_IRQHandler) for TIM2_IRQHandler
    startup_stm32f10x_cl.o(RESET) refers to bsp_timer.o(i.TIM4_IRQHandler) for TIM4_IRQHandler
    startup_stm32f10x_cl.o(RESET) refers to bsp_uart_fifo.o(i.USART1_IRQHandler) for USART1_IRQHandler
    startup_stm32f10x_cl.o(RESET) refers to bsp_uart_fifo.o(i.USART2_IRQHandler) for USART2_IRQHandler
    startup_stm32f10x_cl.o(RESET) refers to bsp_limit_switch.o(i.EXTI15_10_IRQHandler) for EXTI15_10_IRQHandler
    startup_stm32f10x_cl.o(.text) refers to system_stm32f10x.o(i.SystemInit) for SystemInit
    startup_stm32f10x_cl.o(.text) refers to entry.o(.ARM.Collect$$$$00000000) for __main
    bsp_led.o(i.LED_Configuration) refers to stm32f10x_rcc.o(i.RCC_APB2PeriphClockCmd) for RCC_APB2PeriphClockCmd
    bsp_led.o(i.LED_Configuration) refers to stm32f10x_gpio.o(i.GPIO_Init) for GPIO_Init
    bsp_led.o(i.LED_Configuration) refers to stm32f10x_gpio.o(i.GPIO_ResetBits) for GPIO_ResetBits
    bsp.o(i.bsp_Init) refers to bsp_timer.o(i.bsp_InitTimer) for bsp_InitTimer
    bsp.o(i.bsp_Init) refers to bsp_limit_switch.o(i.BUTTON_Configuration) for BUTTON_Configuration
    bsp.o(i.bsp_Init) refers to bsp_limit_switch.o(i.EXTI_Configuration) for EXTI_Configuration
    bsp.o(i.bsp_Init) refers to bsp_level_sensor_input.o(i.LEVEL_SENSOR_INPUT_Configuration) for LEVEL_SENSOR_INPUT_Configuration
    bsp.o(i.bsp_Init) refers to bsp_timer.o(i.NVIC_Configuration) for NVIC_Configuration
    bsp.o(i.bsp_Init) refers to bsp_relay.o(i.RELAY_Configuration) for RELAY_Configuration
    bsp.o(i.bsp_Init) refers to bsp_led.o(i.LED_Configuration) for LED_Configuration
    bsp.o(i.bsp_Init) refers to bsp_uart_fifo.o(i.bsp_InitUart) for bsp_InitUart
    bsp_relay.o(i.RELAY_Configuration) refers to stm32f10x_rcc.o(i.RCC_APB2PeriphClockCmd) for RCC_APB2PeriphClockCmd
    bsp_relay.o(i.RELAY_Configuration) refers to stm32f10x_gpio.o(i.GPIO_Init) for GPIO_Init
    bsp_relay.o(i.RELAY_Configuration) refers to stm32f10x_gpio.o(i.GPIO_ResetBits) for GPIO_ResetBits
    bsp_uart_fifo.o(i.ComToUart) refers to bsp_uart_fifo.o(.bss) for .bss
    bsp_uart_fifo.o(i.InitHardUart) refers to stm32f10x_rcc.o(i.RCC_APB2PeriphClockCmd) for RCC_APB2PeriphClockCmd
    bsp_uart_fifo.o(i.InitHardUart) refers to stm32f10x_rcc.o(i.RCC_APB1PeriphClockCmd) for RCC_APB1PeriphClockCmd
    bsp_uart_fifo.o(i.InitHardUart) refers to stm32f10x_gpio.o(i.GPIO_Init) for GPIO_Init
    bsp_uart_fifo.o(i.InitHardUart) refers to stm32f10x_gpio.o(i.GPIO_PinRemapConfig) for GPIO_PinRemapConfig
    bsp_uart_fifo.o(i.InitHardUart) refers to stm32f10x_usart.o(i.USART_Init) for USART_Init
    bsp_uart_fifo.o(i.InitHardUart) refers to stm32f10x_usart.o(i.USART_Cmd) for USART_Cmd
    bsp_uart_fifo.o(i.InitHardUart) refers to stm32f10x_usart.o(i.USART_ITConfig) for USART_ITConfig
    bsp_uart_fifo.o(i.RS485_InitTXE) refers to stm32f10x_rcc.o(i.RCC_APB2PeriphClockCmd) for RCC_APB2PeriphClockCmd
    bsp_uart_fifo.o(i.RS485_InitTXE) refers to stm32f10x_gpio.o(i.GPIO_Init) for GPIO_Init
    bsp_uart_fifo.o(i.RS485_ReciveNew) refers to modbus_slave.o(i.MODS_ReciveNew) for MODS_ReciveNew
    bsp_uart_fifo.o(i.RS485_SendBuf) refers to bsp_uart_fifo.o(i.comSendBuf) for comSendBuf
    bsp_uart_fifo.o(i.USART1_IRQHandler) refers to bsp_uart_fifo.o(i.UartIRQ) for UartIRQ
    bsp_uart_fifo.o(i.USART1_IRQHandler) refers to bsp_uart_fifo.o(.bss) for .bss
    bsp_uart_fifo.o(i.USART1_SendString) refers to stm32f10x_usart.o(i.USART_GetFlagStatus) for USART_GetFlagStatus
    bsp_uart_fifo.o(i.USART1_SendString) refers to stm32f10x_usart.o(i.USART_SendData) for USART_SendData
    bsp_uart_fifo.o(i.USART2_SendString) refers to stm32f10x_usart.o(i.USART_GetFlagStatus) for USART_GetFlagStatus
    bsp_uart_fifo.o(i.USART2_SendString) refers to stm32f10x_usart.o(i.USART_SendData) for USART_SendData
    bsp_uart_fifo.o(i.UartIRQ) refers to stm32f10x_usart.o(i.USART_GetITStatus) for USART_GetITStatus
    bsp_uart_fifo.o(i.UartIRQ) refers to stm32f10x_usart.o(i.USART_ReceiveData) for USART_ReceiveData
    bsp_uart_fifo.o(i.UartIRQ) refers to stm32f10x_usart.o(i.USART_ITConfig) for USART_ITConfig
    bsp_uart_fifo.o(i.UartIRQ) refers to stm32f10x_usart.o(i.USART_SendData) for USART_SendData
    bsp_uart_fifo.o(i.UartVarInit) refers to bsp_uart_fifo.o(.bss) for .bss
    bsp_uart_fifo.o(i.UartVarInit) refers to bsp_uart_fifo.o(i.RS485_SendBefor) for RS485_SendBefor
    bsp_uart_fifo.o(i.UartVarInit) refers to bsp_uart_fifo.o(i.RS485_SendOver) for RS485_SendOver
    bsp_uart_fifo.o(i.UartVarInit) refers to bsp_uart_fifo.o(i.RS485_ReciveNew) for RS485_ReciveNew
    bsp_uart_fifo.o(i.bsp_InitUart) refers to bsp_uart_fifo.o(i.UartVarInit) for UartVarInit
    bsp_uart_fifo.o(i.bsp_InitUart) refers to bsp_uart_fifo.o(i.InitHardUart) for InitHardUart
    bsp_uart_fifo.o(i.bsp_InitUart) refers to bsp_uart_fifo.o(i.RS485_InitTXE) for RS485_InitTXE
    bsp_uart_fifo.o(i.bsp_InitUart) refers to misc.o(i.NVIC_PriorityGroupConfig) for NVIC_PriorityGroupConfig
    bsp_uart_fifo.o(i.bsp_InitUart) refers to misc.o(i.NVIC_Init) for NVIC_Init
    bsp_uart_fifo.o(i.comSendBuf) refers to bsp_uart_fifo.o(i.ComToUart) for ComToUart
    bsp_uart_fifo.o(i.comSendBuf) refers to stm32f10x_usart.o(i.USART_ITConfig) for USART_ITConfig
    bsp_timer.o(i.NVIC_Configuration) refers to misc.o(i.NVIC_PriorityGroupConfig) for NVIC_PriorityGroupConfig
    bsp_timer.o(i.NVIC_Configuration) refers to misc.o(i.NVIC_Init) for NVIC_Init
    bsp_timer.o(i.TIM2_IRQHandler) refers to stm32f10x_tim.o(i.TIM_GetITStatus) for TIM_GetITStatus
    bsp_timer.o(i.TIM2_IRQHandler) refers to stm32f10x_tim.o(i.TIM_ClearITPendingBit) for TIM_ClearITPendingBit
    bsp_timer.o(i.TIM2_IRQHandler) refers to stm32f10x_tim.o(i.TIM_ITConfig) for TIM_ITConfig
    bsp_timer.o(i.TIM2_IRQHandler) refers to bsp_timer.o(.data) for .data
    bsp_timer.o(i.TIM4_IRQHandler) refers to stm32f10x_tim.o(i.TIM_GetITStatus) for TIM_GetITStatus
    bsp_timer.o(i.TIM4_IRQHandler) refers to stm32f10x_tim.o(i.TIM_ClearITPendingBit) for TIM_ClearITPendingBit
    bsp_timer.o(i.TIM4_IRQHandler) refers to stm32f10x_tim.o(i.TIM_Cmd) for TIM_Cmd
    bsp_timer.o(i.TIM4_IRQHandler) refers to modbus_slave.o(.data) for c
    bsp_timer.o(i.TIM4_IRQHandler) refers to modbus_slave.o(.data) for timer_flag
    bsp_timer.o(i.TIMER_Configuration) refers to stm32f10x_rcc.o(i.RCC_APB1PeriphClockCmd) for RCC_APB1PeriphClockCmd
    bsp_timer.o(i.TIMER_Configuration) refers to stm32f10x_tim.o(i.TIM_TimeBaseInit) for TIM_TimeBaseInit
    bsp_timer.o(i.TIMER_Configuration) refers to stm32f10x_tim.o(i.TIM_ITConfig) for TIM_ITConfig
    bsp_timer.o(i.bsp_InitHardTimer) refers to stm32f10x_rcc.o(i.RCC_APB1PeriphClockCmd) for RCC_APB1PeriphClockCmd
    bsp_timer.o(i.bsp_InitHardTimer) refers to stm32f10x_tim.o(i.TIM_TimeBaseInit) for TIM_TimeBaseInit
    bsp_timer.o(i.bsp_InitHardTimer) refers to stm32f10x_tim.o(i.TIM_Cmd) for TIM_Cmd
    bsp_timer.o(i.bsp_InitHardTimer) refers to misc.o(i.NVIC_Init) for NVIC_Init
    bsp_timer.o(i.bsp_InitHardTimer) refers to system_stm32f10x.o(.data) for SystemCoreClock
    bsp_timer.o(i.bsp_InitTimer) refers to bsp_timer.o(i.bsp_InitHardTimer) for bsp_InitHardTimer
    bsp_timer.o(i.bsp_InitTimer) refers to bsp_timer.o(.bss) for .bss
    bsp_timer.o(i.bsp_InitTimer) refers to system_stm32f10x.o(.data) for SystemCoreClock
    bsp_timer.o(i.bsp_StartHardTimer) refers to stm32f10x_tim.o(i.TIM_GetCounter) for TIM_GetCounter
    bsp_timer.o(i.bsp_StartHardTimer) refers to stm32f10x_tim.o(i.TIM_SetCompare4) for TIM_SetCompare4
    bsp_timer.o(i.bsp_StartHardTimer) refers to stm32f10x_tim.o(i.TIM_ClearITPendingBit) for TIM_ClearITPendingBit
    bsp_timer.o(i.bsp_StartHardTimer) refers to stm32f10x_tim.o(i.TIM_ITConfig) for TIM_ITConfig
    bsp_timer.o(i.bsp_StartHardTimer) refers to stm32f10x_tim.o(i.TIM_SetCompare1) for TIM_SetCompare1
    bsp_timer.o(i.bsp_StartHardTimer) refers to stm32f10x_tim.o(i.TIM_SetCompare2) for TIM_SetCompare2
    bsp_timer.o(i.bsp_StartHardTimer) refers to stm32f10x_tim.o(i.TIM_SetCompare3) for TIM_SetCompare3
    bsp_timer.o(i.bsp_StartHardTimer) refers to bsp_timer.o(.data) for .data
    bsp_user_lib.o(i.CRC16_Modbus) refers to bsp_user_lib.o(.constdata) for .constdata
    bsp_limit_switch.o(i.BUTTON_Configuration) refers to misc.o(i.NVIC_PriorityGroupConfig) for NVIC_PriorityGroupConfig
    bsp_limit_switch.o(i.BUTTON_Configuration) refers to misc.o(i.NVIC_Init) for NVIC_Init
    bsp_limit_switch.o(i.BUTTON_Configuration) refers to stm32f10x_rcc.o(i.RCC_APB2PeriphClockCmd) for RCC_APB2PeriphClockCmd
    bsp_limit_switch.o(i.BUTTON_Configuration) refers to stm32f10x_gpio.o(i.GPIO_Init) for GPIO_Init
    bsp_limit_switch.o(i.BUTTON_Configuration) refers to stm32f10x_gpio.o(i.GPIO_EXTILineConfig) for GPIO_EXTILineConfig
    bsp_limit_switch.o(i.EXTI15_10_IRQHandler) refers to stm32f10x_exti.o(i.EXTI_GetITStatus) for EXTI_GetITStatus
    bsp_limit_switch.o(i.EXTI15_10_IRQHandler) refers to stm32f10x_exti.o(i.EXTI_ClearITPendingBit) for EXTI_ClearITPendingBit
    bsp_limit_switch.o(i.EXTI15_10_IRQHandler) refers to stm32f10x_gpio.o(i.GPIO_SetBits) for GPIO_SetBits
    bsp_limit_switch.o(i.EXTI15_10_IRQHandler) refers to modbus_slave.o(.data) for limit_switch_flag_1
    bsp_limit_switch.o(i.EXTI_Configuration) refers to stm32f10x_exti.o(i.EXTI_Init) for EXTI_Init
    bsp_level_sensor_input.o(i.LEVEL_SENSOR_INPUT_Configuration) refers to stm32f10x_rcc.o(i.RCC_APB2PeriphClockCmd) for RCC_APB2PeriphClockCmd
    bsp_level_sensor_input.o(i.LEVEL_SENSOR_INPUT_Configuration) refers to stm32f10x_gpio.o(i.GPIO_Init) for GPIO_Init
    entry.o(.ARM.Collect$$$$00000000) refers (Special) to entry7.o(.ARM.Collect$$$$00000007) for _main_init
    entry.o(.ARM.Collect$$$$00000000) refers (Special) to entry5.o(.ARM.Collect$$$$00000004) for _main_scatterload
    entry.o(.ARM.Collect$$$$00000000) refers (Special) to entry2.o(.ARM.Collect$$$$00000001) for _main_stk
    entry2.o(.ARM.Collect$$$$00000001) refers to entry2.o(.ARM.Collect$$$$00002712) for __lit__00000000
    entry2.o(.ARM.Collect$$$$00002712) refers to startup_stm32f10x_cl.o(STACK) for __initial_sp
    entry2.o(__vectab_stack_and_reset_area) refers to startup_stm32f10x_cl.o(STACK) for __initial_sp
    entry2.o(__vectab_stack_and_reset_area) refers to entry.o(.ARM.Collect$$$$00000000) for __main
    entry5.o(.ARM.Collect$$$$00000004) refers to init.o(.text) for __scatterload
    entry7.o(.ARM.Collect$$$$00000007) refers to main.o(i.main) for main
    init.o(.text) refers to entry5.o(.ARM.Collect$$$$00000004) for __main_after_scatterload


==============================================================================

Removing Unused input sections from the image.

    Removing main.o(i.fputc), (36 bytes).
    Removing modbus_slave.o(.bss), (14 bytes).
    Removing stm32f10x_flash.o(i.FLASH_ClearFlag), (12 bytes).
    Removing stm32f10x_flash.o(i.FLASH_EnableWriteProtection), (172 bytes).
    Removing stm32f10x_flash.o(i.FLASH_EraseAllBank1Pages), (56 bytes).
    Removing stm32f10x_flash.o(i.FLASH_EraseAllPages), (56 bytes).
    Removing stm32f10x_flash.o(i.FLASH_EraseOptionBytes), (124 bytes).
    Removing stm32f10x_flash.o(i.FLASH_ErasePage), (60 bytes).
    Removing stm32f10x_flash.o(i.FLASH_GetBank1Status), (40 bytes).
    Removing stm32f10x_flash.o(i.FLASH_GetFlagStatus), (32 bytes).
    Removing stm32f10x_flash.o(i.FLASH_GetPrefetchBufferStatus), (20 bytes).
    Removing stm32f10x_flash.o(i.FLASH_GetReadOutProtectionStatus), (20 bytes).
    Removing stm32f10x_flash.o(i.FLASH_GetStatus), (40 bytes).
    Removing stm32f10x_flash.o(i.FLASH_GetUserOptionByte), (12 bytes).
    Removing stm32f10x_flash.o(i.FLASH_GetWriteProtectionOptionByte), (12 bytes).
    Removing stm32f10x_flash.o(i.FLASH_HalfCycleAccessCmd), (24 bytes).
    Removing stm32f10x_flash.o(i.FLASH_ITConfig), (24 bytes).
    Removing stm32f10x_flash.o(i.FLASH_Lock), (16 bytes).
    Removing stm32f10x_flash.o(i.FLASH_LockBank1), (16 bytes).
    Removing stm32f10x_flash.o(i.FLASH_PrefetchBufferCmd), (24 bytes).
    Removing stm32f10x_flash.o(i.FLASH_ProgramHalfWord), (52 bytes).
    Removing stm32f10x_flash.o(i.FLASH_ProgramOptionByteData), (76 bytes).
    Removing stm32f10x_flash.o(i.FLASH_ProgramWord), (72 bytes).
    Removing stm32f10x_flash.o(i.FLASH_ReadOutProtection), (136 bytes).
    Removing stm32f10x_flash.o(i.FLASH_SetLatency), (20 bytes).
    Removing stm32f10x_flash.o(i.FLASH_Unlock), (24 bytes).
    Removing stm32f10x_flash.o(i.FLASH_UnlockBank1), (24 bytes).
    Removing stm32f10x_flash.o(i.FLASH_UserOptionByteConfig), (96 bytes).
    Removing stm32f10x_flash.o(i.FLASH_WaitForLastBank1Operation), (36 bytes).
    Removing stm32f10x_flash.o(i.FLASH_WaitForLastOperation), (36 bytes).
    Removing stm32f10x_gpio.o(i.GPIO_AFIODeInit), (22 bytes).
    Removing stm32f10x_gpio.o(i.GPIO_DeInit), (180 bytes).
    Removing stm32f10x_gpio.o(i.GPIO_ETH_MediaInterfaceConfig), (12 bytes).
    Removing stm32f10x_gpio.o(i.GPIO_EventOutputCmd), (12 bytes).
    Removing stm32f10x_gpio.o(i.GPIO_EventOutputConfig), (28 bytes).
    Removing stm32f10x_gpio.o(i.GPIO_PinLockConfig), (16 bytes).
    Removing stm32f10x_gpio.o(i.GPIO_ReadInputData), (6 bytes).
    Removing stm32f10x_gpio.o(i.GPIO_ReadOutputData), (6 bytes).
    Removing stm32f10x_gpio.o(i.GPIO_ReadOutputDataBit), (14 bytes).
    Removing stm32f10x_gpio.o(i.GPIO_StructInit), (16 bytes).
    Removing stm32f10x_gpio.o(i.GPIO_Write), (4 bytes).
    Removing stm32f10x_gpio.o(i.GPIO_WriteBit), (10 bytes).
    Removing stm32f10x_rcc.o(i.RCC_ADCCLKConfig), (20 bytes).
    Removing stm32f10x_rcc.o(i.RCC_AHBPeriphClockCmd), (24 bytes).
    Removing stm32f10x_rcc.o(i.RCC_AHBPeriphResetCmd), (24 bytes).
    Removing stm32f10x_rcc.o(i.RCC_APB1PeriphResetCmd), (24 bytes).
    Removing stm32f10x_rcc.o(i.RCC_APB2PeriphResetCmd), (24 bytes).
    Removing stm32f10x_rcc.o(i.RCC_AdjustHSICalibrationValue), (20 bytes).
    Removing stm32f10x_rcc.o(i.RCC_BackupResetCmd), (12 bytes).
    Removing stm32f10x_rcc.o(i.RCC_ClearFlag), (16 bytes).
    Removing stm32f10x_rcc.o(i.RCC_ClearITPendingBit), (12 bytes).
    Removing stm32f10x_rcc.o(i.RCC_ClockSecuritySystemCmd), (12 bytes).
    Removing stm32f10x_rcc.o(i.RCC_DeInit), (76 bytes).
    Removing stm32f10x_rcc.o(i.RCC_GetFlagStatus), (48 bytes).
    Removing stm32f10x_rcc.o(i.RCC_GetITStatus), (20 bytes).
    Removing stm32f10x_rcc.o(i.RCC_GetSYSCLKSource), (16 bytes).
    Removing stm32f10x_rcc.o(i.RCC_HCLKConfig), (20 bytes).
    Removing stm32f10x_rcc.o(i.RCC_HSEConfig), (52 bytes).
    Removing stm32f10x_rcc.o(i.RCC_HSICmd), (12 bytes).
    Removing stm32f10x_rcc.o(i.RCC_I2S2CLKConfig), (12 bytes).
    Removing stm32f10x_rcc.o(i.RCC_I2S3CLKConfig), (12 bytes).
    Removing stm32f10x_rcc.o(i.RCC_ITConfig), (24 bytes).
    Removing stm32f10x_rcc.o(i.RCC_LSEConfig), (32 bytes).
    Removing stm32f10x_rcc.o(i.RCC_LSICmd), (12 bytes).
    Removing stm32f10x_rcc.o(i.RCC_MCOConfig), (12 bytes).
    Removing stm32f10x_rcc.o(i.RCC_OTGFSCLKConfig), (12 bytes).
    Removing stm32f10x_rcc.o(i.RCC_PCLK1Config), (20 bytes).
    Removing stm32f10x_rcc.o(i.RCC_PCLK2Config), (20 bytes).
    Removing stm32f10x_rcc.o(i.RCC_PLL2Cmd), (12 bytes).
    Removing stm32f10x_rcc.o(i.RCC_PLL2Config), (20 bytes).
    Removing stm32f10x_rcc.o(i.RCC_PLL3Cmd), (12 bytes).
    Removing stm32f10x_rcc.o(i.RCC_PLL3Config), (20 bytes).
    Removing stm32f10x_rcc.o(i.RCC_PLLCmd), (12 bytes).
    Removing stm32f10x_rcc.o(i.RCC_PLLConfig), (20 bytes).
    Removing stm32f10x_rcc.o(i.RCC_PREDIV1Config), (28 bytes).
    Removing stm32f10x_rcc.o(i.RCC_PREDIV2Config), (20 bytes).
    Removing stm32f10x_rcc.o(i.RCC_RTCCLKCmd), (12 bytes).
    Removing stm32f10x_rcc.o(i.RCC_RTCCLKConfig), (16 bytes).
    Removing stm32f10x_rcc.o(i.RCC_SYSCLKConfig), (20 bytes).
    Removing stm32f10x_rcc.o(i.RCC_WaitForHSEStartUp), (38 bytes).
    Removing stm32f10x_usart.o(i.USART_ClearFlag), (6 bytes).
    Removing stm32f10x_usart.o(i.USART_ClearITPendingBit), (12 bytes).
    Removing stm32f10x_usart.o(i.USART_ClockInit), (30 bytes).
    Removing stm32f10x_usart.o(i.USART_ClockStructInit), (12 bytes).
    Removing stm32f10x_usart.o(i.USART_DMACmd), (16 bytes).
    Removing stm32f10x_usart.o(i.USART_DeInit), (116 bytes).
    Removing stm32f10x_usart.o(i.USART_GetFlagStatus), (14 bytes).
    Removing stm32f10x_usart.o(i.USART_HalfDuplexCmd), (20 bytes).
    Removing stm32f10x_usart.o(i.USART_IrDACmd), (20 bytes).
    Removing stm32f10x_usart.o(i.USART_IrDAConfig), (16 bytes).
    Removing stm32f10x_usart.o(i.USART_LINBreakDetectLengthConfig), (16 bytes).
    Removing stm32f10x_usart.o(i.USART_LINCmd), (20 bytes).
    Removing stm32f10x_usart.o(i.USART_OneBitMethodCmd), (20 bytes).
    Removing stm32f10x_usart.o(i.USART_OverSampling8Cmd), (20 bytes).
    Removing stm32f10x_usart.o(i.USART_ReceiverWakeUpCmd), (20 bytes).
    Removing stm32f10x_usart.o(i.USART_SendBreak), (10 bytes).
    Removing stm32f10x_usart.o(i.USART_SetAddress), (16 bytes).
    Removing stm32f10x_usart.o(i.USART_SetGuardTime), (16 bytes).
    Removing stm32f10x_usart.o(i.USART_SetPrescaler), (16 bytes).
    Removing stm32f10x_usart.o(i.USART_SmartCardCmd), (20 bytes).
    Removing stm32f10x_usart.o(i.USART_SmartCardNACKCmd), (20 bytes).
    Removing stm32f10x_usart.o(i.USART_StructInit), (22 bytes).
    Removing stm32f10x_usart.o(i.USART_WakeUpConfig), (16 bytes).
    Removing misc.o(i.NVIC_SetVectorTable), (20 bytes).
    Removing misc.o(i.NVIC_SystemLPConfig), (24 bytes).
    Removing misc.o(i.SysTick_CLKSourceConfig), (24 bytes).
    Removing stm32f10x_tim.o(i.TI1_Config), (104 bytes).
    Removing stm32f10x_tim.o(i.TI2_Config), (120 bytes).
    Removing stm32f10x_tim.o(i.TIM_ARRPreloadConfig), (20 bytes).
    Removing stm32f10x_tim.o(i.TIM_BDTRConfig), (34 bytes).
    Removing stm32f10x_tim.o(i.TIM_BDTRStructInit), (18 bytes).
    Removing stm32f10x_tim.o(i.TIM_CCPreloadControl), (20 bytes).
    Removing stm32f10x_tim.o(i.TIM_CCxCmd), (22 bytes).
    Removing stm32f10x_tim.o(i.TIM_CCxNCmd), (22 bytes).
    Removing stm32f10x_tim.o(i.TIM_ClearFlag), (6 bytes).
    Removing stm32f10x_tim.o(i.TIM_ClearOC1Ref), (12 bytes).
    Removing stm32f10x_tim.o(i.TIM_ClearOC2Ref), (14 bytes).
    Removing stm32f10x_tim.o(i.TIM_ClearOC3Ref), (12 bytes).
    Removing stm32f10x_tim.o(i.TIM_ClearOC4Ref), (14 bytes).
    Removing stm32f10x_tim.o(i.TIM_CounterModeConfig), (12 bytes).
    Removing stm32f10x_tim.o(i.TIM_CtrlPWMOutputs), (22 bytes).
    Removing stm32f10x_tim.o(i.TIM_DMACmd), (16 bytes).
    Removing stm32f10x_tim.o(i.TIM_DMAConfig), (8 bytes).
    Removing stm32f10x_tim.o(i.TIM_DeInit), (368 bytes).
    Removing stm32f10x_tim.o(i.TIM_ETRClockMode1Config), (18 bytes).
    Removing stm32f10x_tim.o(i.TIM_ETRClockMode2Config), (18 bytes).
    Removing stm32f10x_tim.o(i.TIM_ETRConfig), (18 bytes).
    Removing stm32f10x_tim.o(i.TIM_EncoderInterfaceConfig), (44 bytes).
    Removing stm32f10x_tim.o(i.TIM_ForcedOC1Config), (12 bytes).
    Removing stm32f10x_tim.o(i.TIM_ForcedOC2Config), (14 bytes).
    Removing stm32f10x_tim.o(i.TIM_ForcedOC3Config), (12 bytes).
    Removing stm32f10x_tim.o(i.TIM_ForcedOC4Config), (14 bytes).
    Removing stm32f10x_tim.o(i.TIM_GenerateEvent), (4 bytes).
    Removing stm32f10x_tim.o(i.TIM_GetCapture1), (4 bytes).
    Removing stm32f10x_tim.o(i.TIM_GetCapture2), (4 bytes).
    Removing stm32f10x_tim.o(i.TIM_GetCapture3), (4 bytes).
    Removing stm32f10x_tim.o(i.TIM_GetCapture4), (6 bytes).
    Removing stm32f10x_tim.o(i.TIM_GetFlagStatus), (14 bytes).
    Removing stm32f10x_tim.o(i.TIM_GetPrescaler), (4 bytes).
    Removing stm32f10x_tim.o(i.TIM_ICInit), (296 bytes).
    Removing stm32f10x_tim.o(i.TIM_ICStructInit), (16 bytes).
    Removing stm32f10x_tim.o(i.TIM_ITRxExternalClockConfig), (20 bytes).
    Removing stm32f10x_tim.o(i.TIM_InternalClockConfig), (10 bytes).
    Removing stm32f10x_tim.o(i.TIM_OC1FastConfig), (12 bytes).
    Removing stm32f10x_tim.o(i.TIM_OC1Init), (128 bytes).
    Removing stm32f10x_tim.o(i.TIM_OC1NPolarityConfig), (12 bytes).
    Removing stm32f10x_tim.o(i.TIM_OC1PolarityConfig), (12 bytes).
    Removing stm32f10x_tim.o(i.TIM_OC1PreloadConfig), (12 bytes).
    Removing stm32f10x_tim.o(i.TIM_OC2FastConfig), (14 bytes).
    Removing stm32f10x_tim.o(i.TIM_OC2Init), (124 bytes).
    Removing stm32f10x_tim.o(i.TIM_OC2NPolarityConfig), (14 bytes).
    Removing stm32f10x_tim.o(i.TIM_OC2PolarityConfig), (14 bytes).
    Removing stm32f10x_tim.o(i.TIM_OC2PreloadConfig), (14 bytes).
    Removing stm32f10x_tim.o(i.TIM_OC3FastConfig), (12 bytes).
    Removing stm32f10x_tim.o(i.TIM_OC3Init), (120 bytes).
    Removing stm32f10x_tim.o(i.TIM_OC3NPolarityConfig), (14 bytes).
    Removing stm32f10x_tim.o(i.TIM_OC3PolarityConfig), (14 bytes).
    Removing stm32f10x_tim.o(i.TIM_OC3PreloadConfig), (12 bytes).
    Removing stm32f10x_tim.o(i.TIM_OC4FastConfig), (14 bytes).
    Removing stm32f10x_tim.o(i.TIM_OC4Init), (96 bytes).
    Removing stm32f10x_tim.o(i.TIM_OC4PolarityConfig), (14 bytes).
    Removing stm32f10x_tim.o(i.TIM_OC4PreloadConfig), (14 bytes).
    Removing stm32f10x_tim.o(i.TIM_OCStructInit), (20 bytes).
    Removing stm32f10x_tim.o(i.TIM_PWMIConfig), (108 bytes).
    Removing stm32f10x_tim.o(i.TIM_PrescalerConfig), (6 bytes).
    Removing stm32f10x_tim.o(i.TIM_SelectCCDMA), (20 bytes).
    Removing stm32f10x_tim.o(i.TIM_SelectCOM), (20 bytes).
    Removing stm32f10x_tim.o(i.TIM_SelectHallSensor), (20 bytes).
    Removing stm32f10x_tim.o(i.TIM_SelectInputTrigger), (12 bytes).
    Removing stm32f10x_tim.o(i.TIM_SelectMasterSlaveMode), (16 bytes).
    Removing stm32f10x_tim.o(i.TIM_SelectOCxM), (66 bytes).
    Removing stm32f10x_tim.o(i.TIM_SelectOnePulseMode), (16 bytes).
    Removing stm32f10x_tim.o(i.TIM_SelectOutputTrigger), (16 bytes).
    Removing stm32f10x_tim.o(i.TIM_SelectSlaveMode), (16 bytes).
    Removing stm32f10x_tim.o(i.TIM_SetAutoreload), (4 bytes).
    Removing stm32f10x_tim.o(i.TIM_SetClockDivision), (16 bytes).
    Removing stm32f10x_tim.o(i.TIM_SetCounter), (4 bytes).
    Removing stm32f10x_tim.o(i.TIM_SetIC1Prescaler), (16 bytes).
    Removing stm32f10x_tim.o(i.TIM_SetIC2Prescaler), (18 bytes).
    Removing stm32f10x_tim.o(i.TIM_SetIC3Prescaler), (16 bytes).
    Removing stm32f10x_tim.o(i.TIM_SetIC4Prescaler), (18 bytes).
    Removing stm32f10x_tim.o(i.TIM_TIxExternalClockConfig), (46 bytes).
    Removing stm32f10x_tim.o(i.TIM_TimeBaseStructInit), (18 bytes).
    Removing stm32f10x_tim.o(i.TIM_UpdateDisableConfig), (20 bytes).
    Removing stm32f10x_tim.o(i.TIM_UpdateRequestConfig), (20 bytes).
    Removing stm32f10x_exti.o(i.EXTI_ClearFlag), (12 bytes).
    Removing stm32f10x_exti.o(i.EXTI_DeInit), (28 bytes).
    Removing stm32f10x_exti.o(i.EXTI_GenerateSWInterrupt), (16 bytes).
    Removing stm32f10x_exti.o(i.EXTI_GetFlagStatus), (20 bytes).
    Removing stm32f10x_exti.o(i.EXTI_StructInit), (14 bytes).
    Removing core_cm3.o(.emb_text), (32 bytes).
    Removing system_stm32f10x.o(i.SystemCoreClockUpdate), (160 bytes).
    Removing startup_stm32f10x_cl.o(HEAP), (512 bytes).
    Removing bsp_uart_fifo.o(i.USART1_SendString), (44 bytes).
    Removing bsp_uart_fifo.o(i.USART2_SendString), (44 bytes).
    Removing bsp_user_lib.o(i.CRC16_Modbus), (48 bytes).
    Removing bsp_user_lib.o(.constdata), (512 bytes).

197 unused section(s) (total 7104 bytes) removed from the image.

==============================================================================

Image Symbol Table

    Local Symbols

    Symbol Name                              Value     Ov Type        Size  Object(Section)

    ../../microlib/init/entry.s              0x00000000   Number         0  entry7.o ABSOLUTE
    ../../microlib/init/entry.s              0x00000000   Number         0  entry2.o ABSOLUTE
    ../../microlib/init/entry.s              0x00000000   Number         0  entry5.o ABSOLUTE
    ../../microlib/init/entry.s              0x00000000   Number         0  entry.o ABSOLUTE
    ../../microlib/string/memcpy.c           0x00000000   Number         0  memcpya.o ABSOLUTE
    ../../microlib/string/memcpy.c           0x00000000   Number         0  memcpyb.o ABSOLUTE
    ..\Libraries\CMSIS\CoreSupport\core_cm3.c 0x00000000   Number         0  core_cm3.o ABSOLUTE
    ..\Libraries\CMSIS\DeviceSupport\Startup\startup_stm32f10x_cl.s 0x00000000   Number         0  startup_stm32f10x_cl.o ABSOLUTE
    ..\Libraries\CMSIS\DeviceSupport\system_stm32f10x.c 0x00000000   Number         0  system_stm32f10x.o ABSOLUTE
    ..\Libraries\STM32F10x_StdPeriph_Driver_v3.5\src\misc.c 0x00000000   Number         0  misc.o ABSOLUTE
    ..\Libraries\STM32F10x_StdPeriph_Driver_v3.5\src\stm32f10x_exti.c 0x00000000   Number         0  stm32f10x_exti.o ABSOLUTE
    ..\Libraries\STM32F10x_StdPeriph_Driver_v3.5\src\stm32f10x_flash.c 0x00000000   Number         0  stm32f10x_flash.o ABSOLUTE
    ..\Libraries\STM32F10x_StdPeriph_Driver_v3.5\src\stm32f10x_gpio.c 0x00000000   Number         0  stm32f10x_gpio.o ABSOLUTE
    ..\Libraries\STM32F10x_StdPeriph_Driver_v3.5\src\stm32f10x_rcc.c 0x00000000   Number         0  stm32f10x_rcc.o ABSOLUTE
    ..\Libraries\STM32F10x_StdPeriph_Driver_v3.5\src\stm32f10x_tim.c 0x00000000   Number         0  stm32f10x_tim.o ABSOLUTE
    ..\Libraries\STM32F10x_StdPeriph_Driver_v3.5\src\stm32f10x_usart.c 0x00000000   Number         0  stm32f10x_usart.o ABSOLUTE
    ..\User\Main\main.c                      0x00000000   Number         0  main.o ABSOLUTE
    ..\User\Main\modbus_slave.c              0x00000000   Number         0  modbus_slave.o ABSOLUTE
    ..\User\Main\stm32f10x_it.c              0x00000000   Number         0  stm32f10x_it.o ABSOLUTE
    ..\User\bsp\bsp.c                        0x00000000   Number         0  bsp.o ABSOLUTE
    ..\User\bsp\src\bsp_led.c                0x00000000   Number         0  bsp_led.o ABSOLUTE
    ..\User\bsp\src\bsp_level_sensor_input.c 0x00000000   Number         0  bsp_level_sensor_input.o ABSOLUTE
    ..\User\bsp\src\bsp_limit_switch.c       0x00000000   Number         0  bsp_limit_switch.o ABSOLUTE
    ..\User\bsp\src\bsp_relay.c              0x00000000   Number         0  bsp_relay.o ABSOLUTE
    ..\User\bsp\src\bsp_timer.c              0x00000000   Number         0  bsp_timer.o ABSOLUTE
    ..\User\bsp\src\bsp_uart_fifo.c          0x00000000   Number         0  bsp_uart_fifo.o ABSOLUTE
    ..\User\bsp\src\bsp_user_lib.c           0x00000000   Number         0  bsp_user_lib.o ABSOLUTE
    ..\\Libraries\\CMSIS\\CoreSupport\\core_cm3.c 0x00000000   Number         0  core_cm3.o ABSOLUTE
    dc.s                                     0x00000000   Number         0  dc.o ABSOLUTE
    handlers.s                               0x00000000   Number         0  handlers.o ABSOLUTE
    init.s                                   0x00000000   Number         0  init.o ABSOLUTE
    RESET                                    0x08000000   Section      336  startup_stm32f10x_cl.o(RESET)
    .ARM.Collect$$$$00000000                 0x08000150   Section        0  entry.o(.ARM.Collect$$$$00000000)
    .ARM.Collect$$$$00000001                 0x08000150   Section        4  entry2.o(.ARM.Collect$$$$00000001)
    .ARM.Collect$$$$00000004                 0x08000154   Section        4  entry5.o(.ARM.Collect$$$$00000004)
    .ARM.Collect$$$$00000007                 0x08000158   Section        8  entry7.o(.ARM.Collect$$$$00000007)
    .ARM.Collect$$$$00002712                 0x08000160   Section        4  entry2.o(.ARM.Collect$$$$00002712)
    __lit__00000000                          0x08000160   Data           4  entry2.o(.ARM.Collect$$$$00002712)
    .text                                    0x08000164   Section       36  startup_stm32f10x_cl.o(.text)
    .text                                    0x08000188   Section        0  memcpya.o(.text)
    .text                                    0x080001ac   Section       36  init.o(.text)
    i.BUTTON_Configuration                   0x080001d0   Section        0  bsp_limit_switch.o(i.BUTTON_Configuration)
    i.BusFault_Handler                       0x08000230   Section        0  stm32f10x_it.o(i.BusFault_Handler)
    i.ComToUart                              0x08000234   Section        0  bsp_uart_fifo.o(i.ComToUart)
    i.DebugMon_Handler                       0x08000244   Section        0  stm32f10x_it.o(i.DebugMon_Handler)
    i.Delay                                  0x08000246   Section        0  bsp_timer.o(i.Delay)
    i.EXTI15_10_IRQHandler                   0x08000260   Section        0  bsp_limit_switch.o(i.EXTI15_10_IRQHandler)
    i.EXTI_ClearITPendingBit                 0x080002b4   Section        0  stm32f10x_exti.o(i.EXTI_ClearITPendingBit)
    i.EXTI_Configuration                     0x080002c0   Section        0  bsp_limit_switch.o(i.EXTI_Configuration)
    i.EXTI_GetITStatus                       0x080002f8   Section        0  stm32f10x_exti.o(i.EXTI_GetITStatus)
    i.EXTI_Init                              0x08000318   Section        0  stm32f10x_exti.o(i.EXTI_Init)
    i.GPIO_EXTILineConfig                    0x0800039c   Section        0  stm32f10x_gpio.o(i.GPIO_EXTILineConfig)
    i.GPIO_Init                              0x080003c4   Section        0  stm32f10x_gpio.o(i.GPIO_Init)
    i.GPIO_PinRemapConfig                    0x08000468   Section        0  stm32f10x_gpio.o(i.GPIO_PinRemapConfig)
    i.GPIO_ReadInputDataBit                  0x080004c0   Section        0  stm32f10x_gpio.o(i.GPIO_ReadInputDataBit)
    i.GPIO_ResetBits                         0x080004ce   Section        0  stm32f10x_gpio.o(i.GPIO_ResetBits)
    i.GPIO_SetBits                           0x080004d2   Section        0  stm32f10x_gpio.o(i.GPIO_SetBits)
    i.HardFault_Handler                      0x080004d6   Section        0  stm32f10x_it.o(i.HardFault_Handler)
    i.InitHardUart                           0x080004d8   Section        0  bsp_uart_fifo.o(i.InitHardUart)
    InitHardUart                             0x080004d9   Thumb Code   204  bsp_uart_fifo.o(i.InitHardUart)
    i.LED_Configuration                      0x080005b4   Section        0  bsp_led.o(i.LED_Configuration)
    i.LEVEL_SENSOR_INPUT_Configuration       0x08000600   Section        0  bsp_level_sensor_input.o(i.LEVEL_SENSOR_INPUT_Configuration)
    i.MODS_AnalyzeApp                        0x0800062c   Section        0  modbus_slave.o(i.MODS_AnalyzeApp)
    MODS_AnalyzeApp                          0x0800062d   Thumb Code   268  modbus_slave.o(i.MODS_AnalyzeApp)
    i.MODS_AnalyzeApp_F2                     0x08000750   Section        0  modbus_slave.o(i.MODS_AnalyzeApp_F2)
    MODS_AnalyzeApp_F2                       0x08000751   Thumb Code    90  modbus_slave.o(i.MODS_AnalyzeApp_F2)
    i.MODS_Poll                              0x080007cc   Section        0  modbus_slave.o(i.MODS_Poll)
    i.MODS_ReciveNew                         0x08000858   Section        0  modbus_slave.o(i.MODS_ReciveNew)
    i.MODS_RxTimeOut                         0x0800088c   Section        0  modbus_slave.o(i.MODS_RxTimeOut)
    MODS_RxTimeOut                           0x0800088d   Thumb Code     8  modbus_slave.o(i.MODS_RxTimeOut)
    i.MODS_SendWithCRC                       0x08000898   Section        0  modbus_slave.o(i.MODS_SendWithCRC)
    MODS_SendWithCRC                         0x08000899   Thumb Code    44  modbus_slave.o(i.MODS_SendWithCRC)
    i.MemManage_Handler                      0x080008c4   Section        0  stm32f10x_it.o(i.MemManage_Handler)
    i.NMI_Handler                            0x080008c6   Section        0  stm32f10x_it.o(i.NMI_Handler)
    i.NVIC_Configuration                     0x080008c8   Section        0  bsp_timer.o(i.NVIC_Configuration)
    i.NVIC_Init                              0x080008ea   Section        0  misc.o(i.NVIC_Init)
    i.NVIC_PriorityGroupConfig               0x08000948   Section        0  misc.o(i.NVIC_PriorityGroupConfig)
    i.PendSV_Handler                         0x0800095c   Section        0  stm32f10x_it.o(i.PendSV_Handler)
    i.RCC_APB1PeriphClockCmd                 0x08000960   Section        0  stm32f10x_rcc.o(i.RCC_APB1PeriphClockCmd)
    i.RCC_APB2PeriphClockCmd                 0x08000978   Section        0  stm32f10x_rcc.o(i.RCC_APB2PeriphClockCmd)
    i.RCC_GetClocksFreq                      0x08000990   Section        0  stm32f10x_rcc.o(i.RCC_GetClocksFreq)
    i.RELAY_Configuration                    0x08000a60   Section        0  bsp_relay.o(i.RELAY_Configuration)
    i.RS485_InitTXE                          0x08000aa0   Section        0  bsp_uart_fifo.o(i.RS485_InitTXE)
    i.RS485_ReciveNew                        0x08000acc   Section        0  bsp_uart_fifo.o(i.RS485_ReciveNew)
    i.RS485_SendBefor                        0x08000ad0   Section        0  bsp_uart_fifo.o(i.RS485_SendBefor)
    i.RS485_SendBuf                          0x08000adc   Section        0  bsp_uart_fifo.o(i.RS485_SendBuf)
    i.RS485_SendOver                         0x08000ae8   Section        0  bsp_uart_fifo.o(i.RS485_SendOver)
    i.SVC_Handler                            0x08000af4   Section        0  stm32f10x_it.o(i.SVC_Handler)
    i.SetSysClockTo72                        0x08000af8   Section        0  system_stm32f10x.o(i.SetSysClockTo72)
    SetSysClockTo72                          0x08000af9   Thumb Code   166  system_stm32f10x.o(i.SetSysClockTo72)
    i.SysTick_Handler                        0x08000bb0   Section        0  stm32f10x_it.o(i.SysTick_Handler)
    i.SystemInit                             0x08000bb4   Section        0  system_stm32f10x.o(i.SystemInit)
    i.TIM2_IRQHandler                        0x08000c10   Section        0  bsp_timer.o(i.TIM2_IRQHandler)
    i.TIM4_IRQHandler                        0x08000ca4   Section        0  bsp_timer.o(i.TIM4_IRQHandler)
    i.TIMER_Configuration                    0x08000cec   Section        0  bsp_timer.o(i.TIMER_Configuration)
    i.TIM_ClearITPendingBit                  0x08000d28   Section        0  stm32f10x_tim.o(i.TIM_ClearITPendingBit)
    i.TIM_Cmd                                0x08000d2e   Section        0  stm32f10x_tim.o(i.TIM_Cmd)
    i.TIM_GetCounter                         0x08000d42   Section        0  stm32f10x_tim.o(i.TIM_GetCounter)
    i.TIM_GetITStatus                        0x08000d46   Section        0  stm32f10x_tim.o(i.TIM_GetITStatus)
    i.TIM_ITConfig                           0x08000d5e   Section        0  stm32f10x_tim.o(i.TIM_ITConfig)
    i.TIM_SetCompare1                        0x08000d6e   Section        0  stm32f10x_tim.o(i.TIM_SetCompare1)
    i.TIM_SetCompare2                        0x08000d72   Section        0  stm32f10x_tim.o(i.TIM_SetCompare2)
    i.TIM_SetCompare3                        0x08000d76   Section        0  stm32f10x_tim.o(i.TIM_SetCompare3)
    i.TIM_SetCompare4                        0x08000d7a   Section        0  stm32f10x_tim.o(i.TIM_SetCompare4)
    i.TIM_TimeBaseInit                       0x08000d80   Section        0  stm32f10x_tim.o(i.TIM_TimeBaseInit)
    i.USART1_IRQHandler                      0x08000e1c   Section        0  bsp_uart_fifo.o(i.USART1_IRQHandler)
    i.USART2_IRQHandler                      0x08000e28   Section        0  bsp_uart_fifo.o(i.USART2_IRQHandler)
    i.USART_Cmd                              0x08000e2a   Section        0  stm32f10x_usart.o(i.USART_Cmd)
    i.USART_GetITStatus                      0x08000e3e   Section        0  stm32f10x_usart.o(i.USART_GetITStatus)
    i.USART_ITConfig                         0x08000e7c   Section        0  stm32f10x_usart.o(i.USART_ITConfig)
    i.USART_Init                             0x08000eac   Section        0  stm32f10x_usart.o(i.USART_Init)
    i.USART_ReceiveData                      0x08000f60   Section        0  stm32f10x_usart.o(i.USART_ReceiveData)
    i.USART_SendData                         0x08000f68   Section        0  stm32f10x_usart.o(i.USART_SendData)
    i.UartIRQ                                0x08000f70   Section        0  bsp_uart_fifo.o(i.UartIRQ)
    UartIRQ                                  0x08000f71   Thumb Code   192  bsp_uart_fifo.o(i.UartIRQ)
    i.UartVarInit                            0x08001030   Section        0  bsp_uart_fifo.o(i.UartVarInit)
    UartVarInit                              0x08001031   Thumb Code    96  bsp_uart_fifo.o(i.UartVarInit)
    i.UsageFault_Handler                     0x080010a8   Section        0  stm32f10x_it.o(i.UsageFault_Handler)
    i.__scatterload_copy                     0x080010aa   Section       14  handlers.o(i.__scatterload_copy)
    i.__scatterload_null                     0x080010b8   Section        2  handlers.o(i.__scatterload_null)
    i.__scatterload_zeroinit                 0x080010ba   Section       14  handlers.o(i.__scatterload_zeroinit)
    i.bsp_Init                               0x080010c8   Section        0  bsp.o(i.bsp_Init)
    i.bsp_InitHardTimer                      0x080010f0   Section        0  bsp_timer.o(i.bsp_InitHardTimer)
    i.bsp_InitTimer                          0x08001158   Section        0  bsp_timer.o(i.bsp_InitTimer)
    i.bsp_InitUart                           0x080011b8   Section        0  bsp_uart_fifo.o(i.bsp_InitUart)
    i.bsp_StartHardTimer                     0x080011ec   Section        0  bsp_timer.o(i.bsp_StartHardTimer)
    i.comSendBuf                             0x0800128c   Section        0  bsp_uart_fifo.o(i.comSendBuf)
    i.main                                   0x080012fe   Section        0  main.o(i.main)
    i.sum_check                              0x0800130c   Section        0  bsp_user_lib.o(i.sum_check)
    .data                                    0x20000000   Section       16  modbus_slave.o(.data)
    .data                                    0x20000010   Section        4  modbus_slave.o(.data)
    .data                                    0x20000014   Section       20  stm32f10x_rcc.o(.data)
    ADCPrescTable                            0x20000014   Data           4  stm32f10x_rcc.o(.data)
    APBAHBPrescTable                         0x20000018   Data          16  stm32f10x_rcc.o(.data)
    .data                                    0x20000028   Section       20  system_stm32f10x.o(.data)
    .data                                    0x2000003c   Section       16  bsp_timer.o(.data)
    s_TIM_CallBack1                          0x2000003c   Data           4  bsp_timer.o(.data)
    s_TIM_CallBack2                          0x20000040   Data           4  bsp_timer.o(.data)
    s_TIM_CallBack3                          0x20000044   Data           4  bsp_timer.o(.data)
    s_TIM_CallBack4                          0x20000048   Data           4  bsp_timer.o(.data)
    .bss                                     0x2000004c   Section      163  modbus_slave.o(.bss)
    .bss                                     0x200000f0   Section     4176  bsp_uart_fifo.o(.bss)
    g_tUart1                                 0x200000f0   Data          40  bsp_uart_fifo.o(.bss)
    g_TxBuf1                                 0x20000118   Data        1024  bsp_uart_fifo.o(.bss)
    g_RxBuf1                                 0x20000518   Data        1024  bsp_uart_fifo.o(.bss)
    g_tUart2                                 0x20000918   Data          40  bsp_uart_fifo.o(.bss)
    g_TxBuf2                                 0x20000940   Data        1024  bsp_uart_fifo.o(.bss)
    g_RxBuf2                                 0x20000d40   Data        1024  bsp_uart_fifo.o(.bss)
    .bss                                     0x20001140   Section       48  bsp_timer.o(.bss)
    s_tTmr                                   0x20001140   Data          48  bsp_timer.o(.bss)
    STACK                                    0x20001170   Section     1024  startup_stm32f10x_cl.o(STACK)

    Global Symbols

    Symbol Name                              Value     Ov Type        Size  Object(Section)

    BuildAttributes$$THM_ISAv4$P$D$K$B$S$PE$A:L22UL41UL21$X:L11$S22US41US21$IEEE1$IW$USESV6$~STKCKD$USESV7$~SHL$OSPACE$EBA8$MICROLIB$REQ8$PRES8$EABIv2 0x00000000   Number         0  anon$$obj.o ABSOLUTE
    __ARM_use_no_argv                        0x00000000   Number         0  main.o ABSOLUTE
    __decompress                              - Undefined Weak Reference
    __Vectors_Size                           0x00000150   Number         0  startup_stm32f10x_cl.o ABSOLUTE
    __Vectors                                0x08000000   Data           4  startup_stm32f10x_cl.o(RESET)
    __Vectors_End                            0x08000150   Data           0  startup_stm32f10x_cl.o(RESET)
    __main                                   0x08000151   Thumb Code     0  entry.o(.ARM.Collect$$$$00000000)
    _main_stk                                0x08000151   Thumb Code     0  entry2.o(.ARM.Collect$$$$00000001)
    _main_scatterload                        0x08000155   Thumb Code     0  entry5.o(.ARM.Collect$$$$00000004)
    __main_after_scatterload                 0x08000159   Thumb Code     0  entry5.o(.ARM.Collect$$$$00000004)
    _main_init                               0x08000159   Thumb Code     0  entry7.o(.ARM.Collect$$$$00000007)
    Reset_Handler                            0x08000165   Thumb Code     8  startup_stm32f10x_cl.o(.text)
    ADC1_2_IRQHandler                        0x0800017f   Thumb Code     0  startup_stm32f10x_cl.o(.text)
    CAN1_RX0_IRQHandler                      0x0800017f   Thumb Code     0  startup_stm32f10x_cl.o(.text)
    CAN1_RX1_IRQHandler                      0x0800017f   Thumb Code     0  startup_stm32f10x_cl.o(.text)
    CAN1_SCE_IRQHandler                      0x0800017f   Thumb Code     0  startup_stm32f10x_cl.o(.text)
    CAN1_TX_IRQHandler                       0x0800017f   Thumb Code     0  startup_stm32f10x_cl.o(.text)
    CAN2_RX0_IRQHandler                      0x0800017f   Thumb Code     0  startup_stm32f10x_cl.o(.text)
    CAN2_RX1_IRQHandler                      0x0800017f   Thumb Code     0  startup_stm32f10x_cl.o(.text)
    CAN2_SCE_IRQHandler                      0x0800017f   Thumb Code     0  startup_stm32f10x_cl.o(.text)
    CAN2_TX_IRQHandler                       0x0800017f   Thumb Code     0  startup_stm32f10x_cl.o(.text)
    DMA1_Channel1_IRQHandler                 0x0800017f   Thumb Code     0  startup_stm32f10x_cl.o(.text)
    DMA1_Channel2_IRQHandler                 0x0800017f   Thumb Code     0  startup_stm32f10x_cl.o(.text)
    DMA1_Channel3_IRQHandler                 0x0800017f   Thumb Code     0  startup_stm32f10x_cl.o(.text)
    DMA1_Channel4_IRQHandler                 0x0800017f   Thumb Code     0  startup_stm32f10x_cl.o(.text)
    DMA1_Channel5_IRQHandler                 0x0800017f   Thumb Code     0  startup_stm32f10x_cl.o(.text)
    DMA1_Channel6_IRQHandler                 0x0800017f   Thumb Code     0  startup_stm32f10x_cl.o(.text)
    DMA1_Channel7_IRQHandler                 0x0800017f   Thumb Code     0  startup_stm32f10x_cl.o(.text)
    DMA2_Channel1_IRQHandler                 0x0800017f   Thumb Code     0  startup_stm32f10x_cl.o(.text)
    DMA2_Channel2_IRQHandler                 0x0800017f   Thumb Code     0  startup_stm32f10x_cl.o(.text)
    DMA2_Channel3_IRQHandler                 0x0800017f   Thumb Code     0  startup_stm32f10x_cl.o(.text)
    DMA2_Channel4_IRQHandler                 0x0800017f   Thumb Code     0  startup_stm32f10x_cl.o(.text)
    DMA2_Channel5_IRQHandler                 0x0800017f   Thumb Code     0  startup_stm32f10x_cl.o(.text)
    ETH_IRQHandler                           0x0800017f   Thumb Code     0  startup_stm32f10x_cl.o(.text)
    ETH_WKUP_IRQHandler                      0x0800017f   Thumb Code     0  startup_stm32f10x_cl.o(.text)
    EXTI0_IRQHandler                         0x0800017f   Thumb Code     0  startup_stm32f10x_cl.o(.text)
    EXTI1_IRQHandler                         0x0800017f   Thumb Code     0  startup_stm32f10x_cl.o(.text)
    EXTI2_IRQHandler                         0x0800017f   Thumb Code     0  startup_stm32f10x_cl.o(.text)
    EXTI3_IRQHandler                         0x0800017f   Thumb Code     0  startup_stm32f10x_cl.o(.text)
    EXTI4_IRQHandler                         0x0800017f   Thumb Code     0  startup_stm32f10x_cl.o(.text)
    EXTI9_5_IRQHandler                       0x0800017f   Thumb Code     0  startup_stm32f10x_cl.o(.text)
    FLASH_IRQHandler                         0x0800017f   Thumb Code     0  startup_stm32f10x_cl.o(.text)
    I2C1_ER_IRQHandler                       0x0800017f   Thumb Code     0  startup_stm32f10x_cl.o(.text)
    I2C1_EV_IRQHandler                       0x0800017f   Thumb Code     0  startup_stm32f10x_cl.o(.text)
    I2C2_ER_IRQHandler                       0x0800017f   Thumb Code     0  startup_stm32f10x_cl.o(.text)
    I2C2_EV_IRQHandler                       0x0800017f   Thumb Code     0  startup_stm32f10x_cl.o(.text)
    OTG_FS_IRQHandler                        0x0800017f   Thumb Code     0  startup_stm32f10x_cl.o(.text)
    OTG_FS_WKUP_IRQHandler                   0x0800017f   Thumb Code     0  startup_stm32f10x_cl.o(.text)
    PVD_IRQHandler                           0x0800017f   Thumb Code     0  startup_stm32f10x_cl.o(.text)
    RCC_IRQHandler                           0x0800017f   Thumb Code     0  startup_stm32f10x_cl.o(.text)
    RTCAlarm_IRQHandler                      0x0800017f   Thumb Code     0  startup_stm32f10x_cl.o(.text)
    RTC_IRQHandler                           0x0800017f   Thumb Code     0  startup_stm32f10x_cl.o(.text)
    SPI1_IRQHandler                          0x0800017f   Thumb Code     0  startup_stm32f10x_cl.o(.text)
    SPI2_IRQHandler                          0x0800017f   Thumb Code     0  startup_stm32f10x_cl.o(.text)
    SPI3_IRQHandler                          0x0800017f   Thumb Code     0  startup_stm32f10x_cl.o(.text)
    TAMPER_IRQHandler                        0x0800017f   Thumb Code     0  startup_stm32f10x_cl.o(.text)
    TIM1_BRK_IRQHandler                      0x0800017f   Thumb Code     0  startup_stm32f10x_cl.o(.text)
    TIM1_CC_IRQHandler                       0x0800017f   Thumb Code     0  startup_stm32f10x_cl.o(.text)
    TIM1_TRG_COM_IRQHandler                  0x0800017f   Thumb Code     0  startup_stm32f10x_cl.o(.text)
    TIM1_UP_IRQHandler                       0x0800017f   Thumb Code     0  startup_stm32f10x_cl.o(.text)
    TIM3_IRQHandler                          0x0800017f   Thumb Code     0  startup_stm32f10x_cl.o(.text)
    TIM5_IRQHandler                          0x0800017f   Thumb Code     0  startup_stm32f10x_cl.o(.text)
    TIM6_IRQHandler                          0x0800017f   Thumb Code     0  startup_stm32f10x_cl.o(.text)
    TIM7_IRQHandler                          0x0800017f   Thumb Code     0  startup_stm32f10x_cl.o(.text)
    UART4_IRQHandler                         0x0800017f   Thumb Code     0  startup_stm32f10x_cl.o(.text)
    UART5_IRQHandler                         0x0800017f   Thumb Code     0  startup_stm32f10x_cl.o(.text)
    USART3_IRQHandler                        0x0800017f   Thumb Code     0  startup_stm32f10x_cl.o(.text)
    WWDG_IRQHandler                          0x0800017f   Thumb Code     0  startup_stm32f10x_cl.o(.text)
    __aeabi_memcpy                           0x08000189   Thumb Code    36  memcpya.o(.text)
    __aeabi_memcpy4                          0x08000189   Thumb Code     0  memcpya.o(.text)
    __aeabi_memcpy8                          0x08000189   Thumb Code     0  memcpya.o(.text)
    __scatterload                            0x080001ad   Thumb Code    28  init.o(.text)
    __scatterload_rt2                        0x080001ad   Thumb Code     0  init.o(.text)
    BUTTON_Configuration                     0x080001d1   Thumb Code    90  bsp_limit_switch.o(i.BUTTON_Configuration)
    BusFault_Handler                         0x08000231   Thumb Code     2  stm32f10x_it.o(i.BusFault_Handler)
    ComToUart                                0x08000235   Thumb Code    10  bsp_uart_fifo.o(i.ComToUart)
    DebugMon_Handler                         0x08000245   Thumb Code     2  stm32f10x_it.o(i.DebugMon_Handler)
    Delay                                    0x08000247   Thumb Code    24  bsp_timer.o(i.Delay)
    EXTI15_10_IRQHandler                     0x08000261   Thumb Code    70  bsp_limit_switch.o(i.EXTI15_10_IRQHandler)
    EXTI_ClearITPendingBit                   0x080002b5   Thumb Code     6  stm32f10x_exti.o(i.EXTI_ClearITPendingBit)
    EXTI_Configuration                       0x080002c1   Thumb Code    56  bsp_limit_switch.o(i.EXTI_Configuration)
    EXTI_GetITStatus                         0x080002f9   Thumb Code    26  stm32f10x_exti.o(i.EXTI_GetITStatus)
    EXTI_Init                                0x08000319   Thumb Code   128  stm32f10x_exti.o(i.EXTI_Init)
    GPIO_EXTILineConfig                      0x0800039d   Thumb Code    34  stm32f10x_gpio.o(i.GPIO_EXTILineConfig)
    GPIO_Init                                0x080003c5   Thumb Code   164  stm32f10x_gpio.o(i.GPIO_Init)
    GPIO_PinRemapConfig                      0x08000469   Thumb Code    82  stm32f10x_gpio.o(i.GPIO_PinRemapConfig)
    GPIO_ReadInputDataBit                    0x080004c1   Thumb Code    14  stm32f10x_gpio.o(i.GPIO_ReadInputDataBit)
    GPIO_ResetBits                           0x080004cf   Thumb Code     4  stm32f10x_gpio.o(i.GPIO_ResetBits)
    GPIO_SetBits                             0x080004d3   Thumb Code     4  stm32f10x_gpio.o(i.GPIO_SetBits)
    HardFault_Handler                        0x080004d7   Thumb Code     2  stm32f10x_it.o(i.HardFault_Handler)
    LED_Configuration                        0x080005b5   Thumb Code    72  bsp_led.o(i.LED_Configuration)
    LEVEL_SENSOR_INPUT_Configuration         0x08000601   Thumb Code    38  bsp_level_sensor_input.o(i.LEVEL_SENSOR_INPUT_Configuration)
    MODS_Poll                                0x080007cd   Thumb Code   118  modbus_slave.o(i.MODS_Poll)
    MODS_ReciveNew                           0x08000859   Thumb Code    40  modbus_slave.o(i.MODS_ReciveNew)
    MemManage_Handler                        0x080008c5   Thumb Code     2  stm32f10x_it.o(i.MemManage_Handler)
    NMI_Handler                              0x080008c7   Thumb Code     2  stm32f10x_it.o(i.NMI_Handler)
    NVIC_Configuration                       0x080008c9   Thumb Code    34  bsp_timer.o(i.NVIC_Configuration)
    NVIC_Init                                0x080008eb   Thumb Code    92  misc.o(i.NVIC_Init)
    NVIC_PriorityGroupConfig                 0x08000949   Thumb Code    10  misc.o(i.NVIC_PriorityGroupConfig)
    PendSV_Handler                           0x0800095d   Thumb Code     2  stm32f10x_it.o(i.PendSV_Handler)
    RCC_APB1PeriphClockCmd                   0x08000961   Thumb Code    18  stm32f10x_rcc.o(i.RCC_APB1PeriphClockCmd)
    RCC_APB2PeriphClockCmd                   0x08000979   Thumb Code    18  stm32f10x_rcc.o(i.RCC_APB2PeriphClockCmd)
    RCC_GetClocksFreq                        0x08000991   Thumb Code   188  stm32f10x_rcc.o(i.RCC_GetClocksFreq)
    RELAY_Configuration                      0x08000a61   Thumb Code    58  bsp_relay.o(i.RELAY_Configuration)
    RS485_InitTXE                            0x08000aa1   Thumb Code    38  bsp_uart_fifo.o(i.RS485_InitTXE)
    RS485_ReciveNew                          0x08000acd   Thumb Code     4  bsp_uart_fifo.o(i.RS485_ReciveNew)
    RS485_SendBefor                          0x08000ad1   Thumb Code     8  bsp_uart_fifo.o(i.RS485_SendBefor)
    RS485_SendBuf                            0x08000add   Thumb Code    10  bsp_uart_fifo.o(i.RS485_SendBuf)
    RS485_SendOver                           0x08000ae9   Thumb Code     8  bsp_uart_fifo.o(i.RS485_SendOver)
    SVC_Handler                              0x08000af5   Thumb Code     2  stm32f10x_it.o(i.SVC_Handler)
    SysTick_Handler                          0x08000bb1   Thumb Code     2  stm32f10x_it.o(i.SysTick_Handler)
    SystemInit                               0x08000bb5   Thumb Code    76  system_stm32f10x.o(i.SystemInit)
    TIM2_IRQHandler                          0x08000c11   Thumb Code   142  bsp_timer.o(i.TIM2_IRQHandler)
    TIM4_IRQHandler                          0x08000ca5   Thumb Code    58  bsp_timer.o(i.TIM4_IRQHandler)
    TIMER_Configuration                      0x08000ced   Thumb Code    54  bsp_timer.o(i.TIMER_Configuration)
    TIM_ClearITPendingBit                    0x08000d29   Thumb Code     6  stm32f10x_tim.o(i.TIM_ClearITPendingBit)
    TIM_Cmd                                  0x08000d2f   Thumb Code    20  stm32f10x_tim.o(i.TIM_Cmd)
    TIM_GetCounter                           0x08000d43   Thumb Code     4  stm32f10x_tim.o(i.TIM_GetCounter)
    TIM_GetITStatus                          0x08000d47   Thumb Code    24  stm32f10x_tim.o(i.TIM_GetITStatus)
    TIM_ITConfig                             0x08000d5f   Thumb Code    16  stm32f10x_tim.o(i.TIM_ITConfig)
    TIM_SetCompare1                          0x08000d6f   Thumb Code     4  stm32f10x_tim.o(i.TIM_SetCompare1)
    TIM_SetCompare2                          0x08000d73   Thumb Code     4  stm32f10x_tim.o(i.TIM_SetCompare2)
    TIM_SetCompare3                          0x08000d77   Thumb Code     4  stm32f10x_tim.o(i.TIM_SetCompare3)
    TIM_SetCompare4                          0x08000d7b   Thumb Code     6  stm32f10x_tim.o(i.TIM_SetCompare4)
    TIM_TimeBaseInit                         0x08000d81   Thumb Code   114  stm32f10x_tim.o(i.TIM_TimeBaseInit)
    USART1_IRQHandler                        0x08000e1d   Thumb Code     6  bsp_uart_fifo.o(i.USART1_IRQHandler)
    USART2_IRQHandler                        0x08000e29   Thumb Code     2  bsp_uart_fifo.o(i.USART2_IRQHandler)
    USART_Cmd                                0x08000e2b   Thumb Code    20  stm32f10x_usart.o(i.USART_Cmd)
    USART_GetITStatus                        0x08000e3f   Thumb Code    62  stm32f10x_usart.o(i.USART_GetITStatus)
    USART_ITConfig                           0x08000e7d   Thumb Code    48  stm32f10x_usart.o(i.USART_ITConfig)
    USART_Init                               0x08000ead   Thumb Code   176  stm32f10x_usart.o(i.USART_Init)
    USART_ReceiveData                        0x08000f61   Thumb Code     8  stm32f10x_usart.o(i.USART_ReceiveData)
    USART_SendData                           0x08000f69   Thumb Code     8  stm32f10x_usart.o(i.USART_SendData)
    UsageFault_Handler                       0x080010a9   Thumb Code     2  stm32f10x_it.o(i.UsageFault_Handler)
    __scatterload_copy                       0x080010ab   Thumb Code    14  handlers.o(i.__scatterload_copy)
    __scatterload_null                       0x080010b9   Thumb Code     2  handlers.o(i.__scatterload_null)
    __scatterload_zeroinit                   0x080010bb   Thumb Code    14  handlers.o(i.__scatterload_zeroinit)
    bsp_Init                                 0x080010c9   Thumb Code    38  bsp.o(i.bsp_Init)
    bsp_InitHardTimer                        0x080010f1   Thumb Code    94  bsp_timer.o(i.bsp_InitHardTimer)
    bsp_InitTimer                            0x08001159   Thumb Code    84  bsp_timer.o(i.bsp_InitTimer)
    bsp_InitUart                             0x080011b9   Thumb Code    52  bsp_uart_fifo.o(i.bsp_InitUart)
    bsp_StartHardTimer                       0x080011ed   Thumb Code   154  bsp_timer.o(i.bsp_StartHardTimer)
    comSendBuf                               0x0800128d   Thumb Code   114  bsp_uart_fifo.o(i.comSendBuf)
    main                                     0x080012ff   Thumb Code    14  main.o(i.main)
    sum_check                                0x0800130d   Thumb Code    24  bsp_user_lib.o(i.sum_check)
    Region$$Table$$Base                      0x08001324   Number         0  anon$$obj.o(Region$$Table)
    Region$$Table$$Limit                     0x08001344   Number         0  anon$$obj.o(Region$$Table)
    g_mods_timeout                           0x20000000   Data           1  modbus_slave.o(.data)
    timer_flag                               0x20000004   Data           4  modbus_slave.o(.data)
    limit_switch_flag_1                      0x20000008   Data           4  modbus_slave.o(.data)
    limit_switch_flag_2                      0x2000000c   Data           4  modbus_slave.o(.data)
    c                                        0x20000010   Data           4  modbus_slave.o(.data)
    SystemCoreClock                          0x20000028   Data           4  system_stm32f10x.o(.data)
    AHBPrescTable                            0x2000002c   Data          16  system_stm32f10x.o(.data)
    g_tModS                                  0x2000004c   Data         163  modbus_slave.o(.bss)
    __initial_sp                             0x20001570   Data           0  startup_stm32f10x_cl.o(STACK)



==============================================================================

Memory Map of the image

  Image Entry point : 0x08000151

  Load Region LR_IROM1 (Base: 0x08000000, Size: 0x00001390, Max: 0x00040000, ABSOLUTE)

    Execution Region ER_IROM1 (Base: 0x08000000, Size: 0x00001344, Max: 0x00040000, ABSOLUTE)

    Base Addr    Size         Type   Attr      Idx    E Section Name        Object

    0x08000000   0x00000150   Data   RO         1639    RESET               startup_stm32f10x_cl.o
    0x08000150   0x00000000   Code   RO         1898  * .ARM.Collect$$$$00000000  mc_w.l(entry.o)(mc_w.l)
    0x08000150   0x00000004   Code   RO         1905    .ARM.Collect$$$$00000001  mc_w.l(entry2.o)(mc_w.l)
    0x08000154   0x00000004   Code   RO         1908    .ARM.Collect$$$$00000004  mc_w.l(entry5.o)(mc_w.l)
    0x08000158   0x00000008   Code   RO         1909    .ARM.Collect$$$$00000007  mc_w.l(entry7.o)(mc_w.l)
    0x08000160   0x00000004   Code   RO         1906    .ARM.Collect$$$$00002712  mc_w.l(entry2.o)(mc_w.l)
    0x08000164   0x00000024   Code   RO         1640    .text               startup_stm32f10x_cl.o
    0x08000188   0x00000024   Code   RO         1901    .text               mc_w.l(memcpya.o)(mc_w.l)
    0x080001ac   0x00000024   Code   RO         1910    .text               mc_w.l(init.o)(mc_w.l)
    0x080001d0   0x00000060   Code   RO         1861    i.BUTTON_Configuration  bsp_limit_switch.o
    0x08000230   0x00000002   Code   RO          141    i.BusFault_Handler  stm32f10x_it.o
    0x08000232   0x00000002   PAD
    0x08000234   0x00000010   Code   RO         1680    i.ComToUart         bsp_uart_fifo.o
    0x08000244   0x00000002   Code   RO          142    i.DebugMon_Handler  stm32f10x_it.o
    0x08000246   0x00000018   Code   RO         1778    i.Delay             bsp_timer.o
    0x0800025e   0x00000002   PAD
    0x08000260   0x00000054   Code   RO         1862    i.EXTI15_10_IRQHandler  bsp_limit_switch.o
    0x080002b4   0x0000000c   Code   RO         1544    i.EXTI_ClearITPendingBit  stm32f10x_exti.o
    0x080002c0   0x00000038   Code   RO         1863    i.EXTI_Configuration  bsp_limit_switch.o
    0x080002f8   0x00000020   Code   RO         1548    i.EXTI_GetITStatus  stm32f10x_exti.o
    0x08000318   0x00000084   Code   RO         1549    i.EXTI_Init         stm32f10x_exti.o
    0x0800039c   0x00000028   Code   RO          429    i.GPIO_EXTILineConfig  stm32f10x_gpio.o
    0x080003c4   0x000000a4   Code   RO          432    i.GPIO_Init         stm32f10x_gpio.o
    0x08000468   0x00000058   Code   RO          434    i.GPIO_PinRemapConfig  stm32f10x_gpio.o
    0x080004c0   0x0000000e   Code   RO          436    i.GPIO_ReadInputDataBit  stm32f10x_gpio.o
    0x080004ce   0x00000004   Code   RO          439    i.GPIO_ResetBits    stm32f10x_gpio.o
    0x080004d2   0x00000004   Code   RO          440    i.GPIO_SetBits      stm32f10x_gpio.o
    0x080004d6   0x00000002   Code   RO          143    i.HardFault_Handler  stm32f10x_it.o
    0x080004d8   0x000000dc   Code   RO         1681    i.InitHardUart      bsp_uart_fifo.o
    0x080005b4   0x0000004c   Code   RO         1644    i.LED_Configuration  bsp_led.o
    0x08000600   0x0000002c   Code   RO         1886    i.LEVEL_SENSOR_INPUT_Configuration  bsp_level_sensor_input.o
    0x0800062c   0x00000124   Code   RO          204    i.MODS_AnalyzeApp   modbus_slave.o
    0x08000750   0x0000007c   Code   RO          205    i.MODS_AnalyzeApp_F2  modbus_slave.o
    0x080007cc   0x0000008c   Code   RO          206    i.MODS_Poll         modbus_slave.o
    0x08000858   0x00000034   Code   RO          207    i.MODS_ReciveNew    modbus_slave.o
    0x0800088c   0x0000000c   Code   RO          208    i.MODS_RxTimeOut    modbus_slave.o
    0x08000898   0x0000002c   Code   RO          209    i.MODS_SendWithCRC  modbus_slave.o
    0x080008c4   0x00000002   Code   RO          144    i.MemManage_Handler  stm32f10x_it.o
    0x080008c6   0x00000002   Code   RO          145    i.NMI_Handler       stm32f10x_it.o
    0x080008c8   0x00000022   Code   RO         1779    i.NVIC_Configuration  bsp_timer.o
    0x080008ea   0x0000005c   Code   RO          974    i.NVIC_Init         misc.o
    0x08000946   0x00000002   PAD
    0x08000948   0x00000014   Code   RO          975    i.NVIC_PriorityGroupConfig  misc.o
    0x0800095c   0x00000002   Code   RO          146    i.PendSV_Handler    stm32f10x_it.o
    0x0800095e   0x00000002   PAD
    0x08000960   0x00000018   Code   RO          543    i.RCC_APB1PeriphClockCmd  stm32f10x_rcc.o
    0x08000978   0x00000018   Code   RO          545    i.RCC_APB2PeriphClockCmd  stm32f10x_rcc.o
    0x08000990   0x000000d0   Code   RO          553    i.RCC_GetClocksFreq  stm32f10x_rcc.o
    0x08000a60   0x00000040   Code   RO         1668    i.RELAY_Configuration  bsp_relay.o
    0x08000aa0   0x0000002c   Code   RO         1682    i.RS485_InitTXE     bsp_uart_fifo.o
    0x08000acc   0x00000004   Code   RO         1683    i.RS485_ReciveNew   bsp_uart_fifo.o
    0x08000ad0   0x0000000c   Code   RO         1684    i.RS485_SendBefor   bsp_uart_fifo.o
    0x08000adc   0x0000000a   Code   RO         1685    i.RS485_SendBuf     bsp_uart_fifo.o
    0x08000ae6   0x00000002   PAD
    0x08000ae8   0x0000000c   Code   RO         1686    i.RS485_SendOver    bsp_uart_fifo.o
    0x08000af4   0x00000002   Code   RO          147    i.SVC_Handler       stm32f10x_it.o
    0x08000af6   0x00000002   PAD
    0x08000af8   0x000000b8   Code   RO         1608    i.SetSysClockTo72   system_stm32f10x.o
    0x08000bb0   0x00000002   Code   RO          148    i.SysTick_Handler   stm32f10x_it.o
    0x08000bb2   0x00000002   PAD
    0x08000bb4   0x0000005c   Code   RO         1610    i.SystemInit        system_stm32f10x.o
    0x08000c10   0x00000094   Code   RO         1780    i.TIM2_IRQHandler   bsp_timer.o
    0x08000ca4   0x00000048   Code   RO         1781    i.TIM4_IRQHandler   bsp_timer.o
    0x08000cec   0x0000003c   Code   RO         1782    i.TIMER_Configuration  bsp_timer.o
    0x08000d28   0x00000006   Code   RO         1019    i.TIM_ClearITPendingBit  stm32f10x_tim.o
    0x08000d2e   0x00000014   Code   RO         1024    i.TIM_Cmd           stm32f10x_tim.o
    0x08000d42   0x00000004   Code   RO         1043    i.TIM_GetCounter    stm32f10x_tim.o
    0x08000d46   0x00000018   Code   RO         1045    i.TIM_GetITStatus   stm32f10x_tim.o
    0x08000d5e   0x00000010   Code   RO         1049    i.TIM_ITConfig      stm32f10x_tim.o
    0x08000d6e   0x00000004   Code   RO         1085    i.TIM_SetCompare1   stm32f10x_tim.o
    0x08000d72   0x00000004   Code   RO         1086    i.TIM_SetCompare2   stm32f10x_tim.o
    0x08000d76   0x00000004   Code   RO         1087    i.TIM_SetCompare3   stm32f10x_tim.o
    0x08000d7a   0x00000006   Code   RO         1088    i.TIM_SetCompare4   stm32f10x_tim.o
    0x08000d80   0x0000009c   Code   RO         1095    i.TIM_TimeBaseInit  stm32f10x_tim.o
    0x08000e1c   0x0000000c   Code   RO         1687    i.USART1_IRQHandler  bsp_uart_fifo.o
    0x08000e28   0x00000002   Code   RO         1689    i.USART2_IRQHandler  bsp_uart_fifo.o
    0x08000e2a   0x00000014   Code   RO          798    i.USART_Cmd         stm32f10x_usart.o
    0x08000e3e   0x0000003e   Code   RO          802    i.USART_GetITStatus  stm32f10x_usart.o
    0x08000e7c   0x00000030   Code   RO          804    i.USART_ITConfig    stm32f10x_usart.o
    0x08000eac   0x000000b4   Code   RO          805    i.USART_Init        stm32f10x_usart.o
    0x08000f60   0x00000008   Code   RO          812    i.USART_ReceiveData  stm32f10x_usart.o
    0x08000f68   0x00000008   Code   RO          815    i.USART_SendData    stm32f10x_usart.o
    0x08000f70   0x000000c0   Code   RO         1691    i.UartIRQ           bsp_uart_fifo.o
    0x08001030   0x00000078   Code   RO         1692    i.UartVarInit       bsp_uart_fifo.o
    0x080010a8   0x00000002   Code   RO          149    i.UsageFault_Handler  stm32f10x_it.o
    0x080010aa   0x0000000e   Code   RO         1914    i.__scatterload_copy  mc_w.l(handlers.o)(mc_w.l)
    0x080010b8   0x00000002   Code   RO         1915    i.__scatterload_null  mc_w.l(handlers.o)(mc_w.l)
    0x080010ba   0x0000000e   Code   RO         1916    i.__scatterload_zeroinit  mc_w.l(handlers.o)(mc_w.l)
    0x080010c8   0x00000026   Code   RO         1656    i.bsp_Init          bsp.o
    0x080010ee   0x00000002   PAD
    0x080010f0   0x00000068   Code   RO         1783    i.bsp_InitHardTimer  bsp_timer.o
    0x08001158   0x00000060   Code   RO         1784    i.bsp_InitTimer     bsp_timer.o
    0x080011b8   0x00000034   Code   RO         1693    i.bsp_InitUart      bsp_uart_fifo.o
    0x080011ec   0x000000a0   Code   RO         1785    i.bsp_StartHardTimer  bsp_timer.o
    0x0800128c   0x00000072   Code   RO         1694    i.comSendBuf        bsp_uart_fifo.o
    0x080012fe   0x0000000e   Code   RO            2    i.main              main.o
    0x0800130c   0x00000018   Code   RO         1841    i.sum_check         bsp_user_lib.o
    0x08001324   0x00000020   Data   RO         1912    Region$$Table       anon$$obj.o


    Execution Region RW_IRAM1 (Base: 0x20000000, Size: 0x00001570, Max: 0x0000c000, ABSOLUTE)

    Base Addr    Size         Type   Attr      Idx    E Section Name        Object

    0x20000000   0x00000010   Data   RW          212    .data               modbus_slave.o
    0x20000010   0x00000004   Data   RW          213    .data               modbus_slave.o
    0x20000014   0x00000014   Data   RW          581    .data               stm32f10x_rcc.o
    0x20000028   0x00000014   Data   RW         1611    .data               system_stm32f10x.o
    0x2000003c   0x00000010   Data   RW         1787    .data               bsp_timer.o
    0x2000004c   0x000000a3   Zero   RW          210    .bss                modbus_slave.o
    0x200000ef   0x00000001   PAD
    0x200000f0   0x00001050   Zero   RW         1695    .bss                bsp_uart_fifo.o
    0x20001140   0x00000030   Zero   RW         1786    .bss                bsp_timer.o
    0x20001170   0x00000400   Zero   RW         1637    STACK               startup_stm32f10x_cl.o


==============================================================================

Image component sizes


      Code (inc. data)   RO Data    RW Data    ZI Data      Debug   Object Name

        38          0          0          0          0          0   bsp.o
        76          4          0          0          0          0   bsp_led.o
        44          6          0          0          0          0   bsp_level_sensor_input.o
       236         20          0          0          0          0   bsp_limit_switch.o
        64          6          0          0          0          0   bsp_relay.o
       698         54          0         16         48          0   bsp_timer.o
       810         66          0          0       4176          0   bsp_uart_fifo.o
        24          0          0          0          0          0   bsp_user_lib.o
         0          0          0          0          0          0   core_cm3.o
        14          0          0          0          0          0   main.o
       112         10          0          0          0          0   misc.o
       664         96          0         20        163          0   modbus_slave.o
        36          8        336          0       1024          0   startup_stm32f10x_cl.o
       176         16          0          0          0          0   stm32f10x_exti.o
       314         12          0          0          0          0   stm32f10x_gpio.o
        18          0          0          0          0          0   stm32f10x_it.o
       256         32          0         20          0          0   stm32f10x_rcc.o
       244         42          0          0          0          0   stm32f10x_tim.o
       326          4          0          0          0          0   stm32f10x_usart.o
       276         34          0         20          0          0   system_stm32f10x.o

    ----------------------------------------------------------------------
      4442        410        368         76       5412          0   Object Totals
         0          0         32          0          0          0   (incl. Generated)
        16          0          0          0          1          3   (incl. Padding)

    ----------------------------------------------------------------------

      Code (inc. data)   RO Data    RW Data    ZI Data      Debug   Library Member Name

         0          0          0          0          0          0   entry.o
         8          4          0          0          0          0   entry2.o
         4          0          0          0          0          0   entry5.o
         8          4          0          0          0          0   entry7.o
        30          0          0          0          0          0   handlers.o
        36          8          0          0          0          0   init.o
        36          0          0          0          0          0   memcpya.o

    ----------------------------------------------------------------------
       122         16          0          0          0          0   Library Totals
         0          0          0          0          0          0   (incl. Padding)

    ----------------------------------------------------------------------

      Code (inc. data)   RO Data    RW Data    ZI Data      Debug   Library Name

       122         16          0          0          0        136   mc_w.l

    ----------------------------------------------------------------------
       122         16          0          0          0          0   Library Totals

    ----------------------------------------------------------------------

==============================================================================


      Code (inc. data)   RO Data    RW Data    ZI Data      Debug   

      4564        426        368         76       5412     358924   Grand Totals
      4564        426        368         76       5412     358924   ELF Image Totals
      4564        426        368         76          0          0   ROM Totals

==============================================================================

    Total RO  Size (Code + RO Data)                 4932 (   4.82kB)
    Total RW  Size (RW Data + ZI Data)              5488 (   5.36kB)
    Total ROM Size (Code + RO Data + RW Data)       5008 (   4.89kB)

==============================================================================

