<html>
<body>
<pre>
<h1>µVision Build Log</h1>
<h2>Project:</h2>
C:\Users\lenovo\Desktop\STM32½ðÁú°å ¼ÌµçÆ÷\Project\Project.uvproj
Project File Date:  12/08/2017

<h2>Output:</h2>
Build target 'LED'
linking...
Program Size: Code=4580 RO-data=368 RW-data=76 ZI-data=5412  
FromELF: creating hex file...
".\Obj\LED.axf" - 0 Error(s), 0 Warning(s).
Build target 'LED'
compiling bsp_level_sensor_input.c...
linking...
Program Size: Code=4580 RO-data=368 RW-data=76 ZI-data=5412  
FromELF: creating hex file...
".\Obj\LED.axf" - 0 Error(s), 0 Warning(s).
Build target 'LED'
compiling modbus_slave.c...
compiling bsp_level_sensor_input.c...
linking...
Program Size: Code=4688 RO-data=368 RW-data=76 ZI-data=5412  
FromELF: creating hex file...
".\Obj\LED.axf" - 0 Error(s), 0 Warning(s).
Build target 'LED'
compiling modbus_slave.c...
linking...
Program Size: Code=4704 RO-data=368 RW-data=76 ZI-data=5412  
FromELF: creating hex file...
".\Obj\LED.axf" - 0 Error(s), 0 Warning(s).
Build target 'LED'
compiling modbus_slave.c...
linking...
Program Size: Code=4720 RO-data=368 RW-data=76 ZI-data=5412  
FromELF: creating hex file...
".\Obj\LED.axf" - 0 Error(s), 0 Warning(s).
Build target 'LED'
compiling modbus_slave.c...
linking...
Program Size: Code=4732 RO-data=368 RW-data=76 ZI-data=5412  
FromELF: creating hex file...
".\Obj\LED.axf" - 0 Error(s), 0 Warning(s).
Build target 'LED'
compiling modbus_slave.c...
..\User\Main\modbus_slave.c(209): error:  #18: expected a ")"
..\User\Main\modbus_slave.c:            if (indicator != 1;)
..\User\Main\modbus_slave.c:                              ^
..\User\Main\modbus_slave.c: ..\User\Main\modbus_slave.c: 0 warnings, 1 error
Target not created
Build target 'LED'
compiling modbus_slave.c...
linking...
Program Size: Code=4744 RO-data=368 RW-data=76 ZI-data=5412  
FromELF: creating hex file...
".\Obj\LED.axf" - 0 Error(s), 0 Warning(s).
Build target 'LED'
compiling modbus_slave.c...
linking...
Program Size: Code=4740 RO-data=368 RW-data=76 ZI-data=5412  
FromELF: creating hex file...
".\Obj\LED.axf" - 0 Error(s), 0 Warning(s).
Build target 'LED'
compiling modbus_slave.c...
linking...
Program Size: Code=4740 RO-data=368 RW-data=76 ZI-data=5412  
FromELF: creating hex file...
".\Obj\LED.axf" - 0 Error(s), 0 Warning(s).
Build target 'LED'
compiling modbus_slave.c...
compiling bsp.c...
linking...
Program Size: Code=4740 RO-data=368 RW-data=76 ZI-data=5412  
FromELF: creating hex file...
".\Obj\LED.axf" - 0 Error(s), 0 Warning(s).
Build target 'LED'
compiling modbus_slave.c...
linking...
Program Size: Code=4732 RO-data=368 RW-data=76 ZI-data=5412  
FromELF: creating hex file...
".\Obj\LED.axf" - 0 Error(s), 0 Warning(s).
Build target 'LED'
compiling modbus_slave.c...
compiling bsp_level_sensor_input.c...
linking...
Program Size: Code=4732 RO-data=368 RW-data=76 ZI-data=5412  
FromELF: creating hex file...
".\Obj\LED.axf" - 0 Error(s), 0 Warning(s).
Build target 'LED'
compiling modbus_slave.c...
linking...
Program Size: Code=4944 RO-data=368 RW-data=76 ZI-data=5412  
FromELF: creating hex file...
".\Obj\LED.axf" - 0 Error(s), 0 Warning(s).
Build target 'LED'
compiling modbus_slave.c...
compiling bsp_level_sensor_input.c...
linking...
Program Size: Code=4944 RO-data=368 RW-data=76 ZI-data=5412  
FromELF: creating hex file...
".\Obj\LED.axf" - 0 Error(s), 0 Warning(s).
Build target 'LED'
compiling modbus_slave.c...
linking...
Program Size: Code=4940 RO-data=368 RW-data=76 ZI-data=5412  
FromELF: creating hex file...
".\Obj\LED.axf" - 0 Error(s), 0 Warning(s).
Build target 'LED'
compiling modbus_slave.c...
compiling bsp_level_sensor_input.c...
linking...
Program Size: Code=4940 RO-data=368 RW-data=76 ZI-data=5412  
FromELF: creating hex file...
".\Obj\LED.axf" - 0 Error(s), 0 Warning(s).
Build target 'LED'
compiling modbus_slave.c...
linking...
Program Size: Code=4940 RO-data=368 RW-data=76 ZI-data=5412  
FromELF: creating hex file...
".\Obj\LED.axf" - 0 Error(s), 0 Warning(s).
