<html>
<body>
<pre>
<h1>µVision Build Log</h1>
<h2>Project:</h2>
C:\Users\lenovo\Desktop\STM32½ðÁú°å ¼ÌµçÆ÷\Project\Project.uvproj
Project File Date:  12/08/2017

<h2>Output:</h2>
Build target 'LED'
linking...
Program Size: Code=4564 RO-data=368 RW-data=76 ZI-data=5412  
FromELF: creating hex file...
".\Obj\LED.axf" - 0 Error(s), 0 Warning(s).
Build target 'LED'
compiling bsp_user_lib.c...
linking...
Program Size: Code=4560 RO-data=368 RW-data=76 ZI-data=5412  
FromELF: creating hex file...
".\Obj\LED.axf" - 0 Error(s), 0 Warning(s).
Build target 'LED'
compiling modbus_slave.c...
compiling bsp_user_lib.c...
linking...
Program Size: Code=4564 RO-data=368 RW-data=76 ZI-data=5412  
FromELF: creating hex file...
".\Obj\LED.axf" - 0 Error(s), 0 Warning(s).
